Archive member included to satisfy reference by file (symbol)

/Users/wysung/Applications/arm_segger_embedded_studio_v430c_macos_x64_nordic/lib/libc_v7em_fpv4_sp_d16_hard_t_le_eabi.a(libc2.o)
                              Output/UmileUV Release/Obj/nrf_log_str_formatter.o (isprint)
/Users/wysung/Applications/arm_segger_embedded_studio_v430c_macos_x64_nordic/lib/libc_v7em_fpv4_sp_d16_hard_t_le_eabi.a(libc2_asm.o)
                              Output/UmileUV Release/Obj/nrf_log_frontend.o (memcpy)
/Users/wysung/Applications/arm_segger_embedded_studio_v430c_macos_x64_nordic/lib/libc_v7em_fpv4_sp_d16_hard_t_le_eabi.a(libc.o)
                              /Users/wysung/Applications/arm_segger_embedded_studio_v430c_macos_x64_nordic/lib/libc_v7em_fpv4_sp_d16_hard_t_le_eabi.a(libc2.o) (__heap_lock)
/Users/wysung/Applications/arm_segger_embedded_studio_v430c_macos_x64_nordic/lib/libc_v7em_fpv4_sp_d16_hard_t_le_eabi.a(libc_asm.o)
                              /Users/wysung/Applications/arm_segger_embedded_studio_v430c_macos_x64_nordic/lib/libc_v7em_fpv4_sp_d16_hard_t_le_eabi.a(libc2.o) (__aeabi_uldivmod)
/Users/wysung/Applications/arm_segger_embedded_studio_v430c_macos_x64_nordic/lib/libdebugio_v7em_fpv4_sp_d16_hard_t_le_eabi.a(libdebugio.o)
                              Output/UmileUV Release/Obj/thumb_crt0.o (debug_fopen)
/Users/wysung/Applications/arm_segger_embedded_studio_v430c_macos_x64_nordic/lib/libdebugio_mempoll_v7em_fpv4_sp_d16_hard_t_le_eabi.a(mempoll_debug_operations.o)
                              /Users/wysung/Applications/arm_segger_embedded_studio_v430c_macos_x64_nordic/lib/libdebugio_v7em_fpv4_sp_d16_hard_t_le_eabi.a(libdebugio.o) (__do_debug_operation)
/Users/wysung/Applications/arm_segger_embedded_studio_v430c_macos_x64_nordic/lib/libdebugio_mempoll_v7em_fpv4_sp_d16_hard_t_le_eabi.a(do_nv_debug_operation.o)
                              /Users/wysung/Applications/arm_segger_embedded_studio_v430c_macos_x64_nordic/lib/libdebugio_v7em_fpv4_sp_d16_hard_t_le_eabi.a(libdebugio.o) (__do_nvdebug_operation)
/Users/wysung/Applications/arm_segger_embedded_studio_v430c_macos_x64_nordic/lib/libm_v7em_fpv4_sp_d16_hard_t_le_eabi.a(libm_asm.o)
                              /Users/wysung/Applications/arm_segger_embedded_studio_v430c_macos_x64_nordic/lib/libc_v7em_fpv4_sp_d16_hard_t_le_eabi.a(libc2.o) (__aeabi_dadd)
/Users/wysung/Applications/arm_segger_embedded_studio_v430c_macos_x64_nordic/lib/libm_v7em_fpv4_sp_d16_hard_t_le_eabi.a(libm2.o)
                              /Users/wysung/Applications/arm_segger_embedded_studio_v430c_macos_x64_nordic/lib/libvfprintf_v7em_fpv4_sp_d16_hard_t_le_eabi.o (frexp)

Discarded input sections

 .text          0x0000000000000000        0x0 Output/UmileUV Release/Obj/thumb_crt0.o
 .data          0x0000000000000000        0x0 Output/UmileUV Release/Obj/thumb_crt0.o
 .bss           0x0000000000000000        0x0 Output/UmileUV Release/Obj/thumb_crt0.o
 .text.__aeabi_read_tp
                0x0000000000000000        0x8 Output/UmileUV Release/Obj/thumb_crt0.o
 .text.abort    0x0000000000000000        0x2 Output/UmileUV Release/Obj/thumb_crt0.o
 .text.__assert
                0x0000000000000000        0x2 Output/UmileUV Release/Obj/thumb_crt0.o
 .text.__aeabi_assert
                0x0000000000000000        0x2 Output/UmileUV Release/Obj/thumb_crt0.o
 .text.__sync_synchronize
                0x0000000000000000        0x2 Output/UmileUV Release/Obj/thumb_crt0.o
 .text.__getchar
                0x0000000000000000        0x4 Output/UmileUV Release/Obj/thumb_crt0.o
 .text.__putchar
                0x0000000000000000        0x4 Output/UmileUV Release/Obj/thumb_crt0.o
 .text.__open   0x0000000000000000        0x4 Output/UmileUV Release/Obj/thumb_crt0.o
 .text.__close  0x0000000000000000        0x4 Output/UmileUV Release/Obj/thumb_crt0.o
 .text.__write  0x0000000000000000        0xa Output/UmileUV Release/Obj/thumb_crt0.o
 .text.__read   0x0000000000000000        0xa Output/UmileUV Release/Obj/thumb_crt0.o
 .text.__seek   0x0000000000000000       0x1a Output/UmileUV Release/Obj/thumb_crt0.o
 .bss.__user_locale_name_buffer
                0x0000000000000000        0x4 Output/UmileUV Release/Obj/thumb_crt0.o
 .stack         0x0000000000000000        0x0 Output/UmileUV Release/Obj/thumb_crt0.o
 .stack_process
                0x0000000000000000        0x0 Output/UmileUV Release/Obj/thumb_crt0.o
 .heap          0x0000000000000000        0x0 Output/UmileUV Release/Obj/thumb_crt0.o
 .group         0x0000000000000000        0xc Output/UmileUV Release/Obj/nrf_log_backend_rtt.o
 .group         0x0000000000000000        0xc Output/UmileUV Release/Obj/nrf_log_backend_rtt.o
 .group         0x0000000000000000        0xc Output/UmileUV Release/Obj/nrf_log_backend_rtt.o
 .group         0x0000000000000000        0xc Output/UmileUV Release/Obj/nrf_log_backend_rtt.o
 .group         0x0000000000000000        0xc Output/UmileUV Release/Obj/nrf_log_backend_rtt.o
[...]
Memory Configuration

Name             Origin             Length             Attributes
UNPLACED_SECTIONS 0x0000000100000000 0x0000000000000000 xw
RAM              0x0000000020000000 0x0000000000010000 xw
FLASH            0x0000000000000000 0x0000000000080000 xw
*default*        0x0000000000000000 0xffffffffffffffff

Linker script and memory map

                0x000000000001eee0                __vfprintf = __vfprintf_long
                0x0000000000000000                __vfscanf = __vfscanf_long
                0x0000000020000000                __RAM_segment_start__ = 0x20000000
                0x0000000020010000                __RAM_segment_end__ = 0x20010000
                0x0000000000010000                __RAM_segment_size__ = 0x10000
                0x0000000000000000                __FLASH_segment_start__ = 0x0
                0x0000000000080000                __FLASH_segment_end__ = 0x80000
                0x0000000000080000                __FLASH_segment_size__ = 0x80000
                0x0000000000000800                __HEAPSIZE__ = 0x800
                0x0000000000000000                __STACKSIZE_PROCESS__ = 0x0
                0x0000000000000800                __STACKSIZE__ = 0x800
                0x0000000020000000                __reserved_ram_load_start__ = 0x20000000

.reserved_ram   0x0000000020000000     0x22c8
                0x0000000020000000                __reserved_ram_start__ = .
 *(.reserved_ram .reserved_ram.*)
                0x00000000200022c8                . = MAX (((__reserved_ram_start__ + 0x200022c8) - 0x20000000), .)
 *fill*         0x0000000020000000     0x22c8 
                0x00000000200022c8                __reserved_ram_end__ = (__reserved_ram_start__ + SIZEOF (.reserved_ram))
                0x00000000000022c8                __reserved_ram_size__ = SIZEOF (.reserved_ram)
                0x00000000200022c8                __reserved_ram_load_end__ = __reserved_ram_end__
                0x0000000000000001                . = ASSERT (((__reserved_ram_start__ == __reserved_ram_end__) || ((__reserved_ram_end__ - __RAM_segment_start__) <= __RAM_segment_size__)), error: .reserved_ram is too large to fit in RAM memory segment)
                0x00000000200022c8                __vectors_ram_load_start__ = 0x200022c8

.vectors_ram    0x00000000200022c8        0x0
                0x00000000200022c8                __vectors_ram_start__ = .
                0x00000000200022c8                __app_ram_start__ = __vectors_ram_start__
 *(.vectors_ram .vectors_ram.*)
                0x00000000200022c8                __vectors_ram_end__ = (__vectors_ram_start__ + SIZEOF (.vectors_ram))
                0x0000000000000000                __vectors_ram_size__ = SIZEOF (.vectors_ram)
                0x00000000200022c8                __vectors_ram_load_end__ = __vectors_ram_end__
                0x0000000000000001                . = ASSERT (((__vectors_ram_start__ == __vectors_ram_end__) || ((__vectors_ram_end__ - __RAM_segment_start__) <= __RAM_segment_size__)), error: .vectors_ram is too large to fit in RAM memory segment)
                0x0000000000000001                . = ASSERT ((__reserved_ram_end__ <= __vectors_ram_start__), error: section .reserved_ram overlaps absolute placed section .vectors_ram)
                0x00000000200022c8                __nrf_sections_run_load_start__ = ALIGN (__vectors_ram_end__, 0x4)

.nrf_sections_run
                0x00000000200022c8        0x0
                0x00000000200022c8                __nrf_sections_run_start__ = .
                0x00000000200022c8                __start_nrf_sections_run = __nrf_sections_run_start__
 *(.nrf_sections_run .nrf_sections_run.*)
                0x00000000200022c8                __nrf_sections_run_end__ = (__nrf_sections_run_start__ + SIZEOF (.nrf_sections_run))
                0x0000000000000000                __nrf_sections_run_size__ = SIZEOF (.nrf_sections_run)
                0x00000000200022c8                __nrf_sections_run_load_end__ = __nrf_sections_run_end__
                0x0000000000000001                . = ASSERT (((__nrf_sections_run_start__ == __nrf_sections_run_end__) || ((__nrf_sections_run_end__ - __RAM_segment_start__) <= __RAM_segment_size__)), error: .nrf_sections_run is too large to fit in RAM memory segment)
                0x0000000000000000                __reserved_flash_load_start__ = 0x0

.reserved_flash
                0x0000000000000000    0x19000
                0x0000000000000000                __reserved_flash_start__ = .
 *(.reserved_flash .reserved_flash.*)
                0x0000000000019000                . = MAX (((__reserved_flash_start__ + 0x19000) - 0x0), .)
 *fill*         0x0000000000000000    0x19000 
                0x0000000000019000                __reserved_flash_end__ = (__reserved_flash_start__ + SIZEOF (.reserved_flash))
                0x0000000000019000                __reserved_flash_size__ = SIZEOF (.reserved_flash)
                0x0000000000019000                __reserved_flash_load_end__ = __reserved_flash_end__
                0x0000000000000001                . = ASSERT (((__reserved_flash_start__ == __reserved_flash_end__) || ((__reserved_flash_end__ - __FLASH_segment_start__) <= __FLASH_segment_size__)), error: .reserved_flash is too large to fit in FLASH memory segment)
                0x0000000000019000                __vectors_load_start__ = 0x19000

.vectors        0x0000000000019000      0x200
                0x0000000000019000                __vectors_start__ = .
 *(.vectors .vectors.*)
 .vectors       0x0000000000019000      0x200 Output/UmileUV Release/Obj/ses_startup_nrf52.o
                0x0000000000019000                _vectors
                0x0000000000019200                __vectors_end__ = (__vectors_start__ + SIZEOF (.vectors))
                0x0000000000000200                __vectors_size__ = SIZEOF (.vectors)
                0x0000000000019200                __vectors_load_end__ = __vectors_end__
                0x0000000000000001                . = ASSERT (((__vectors_start__ == __vectors_end__) || ((__vectors_end__ - __FLASH_segment_start__) <= __FLASH_segment_size__)), error: .vectors is too large to fit in FLASH memory segment)
                0x0000000000000001                . = ASSERT ((__reserved_flash_end__ <= __vectors_start__), error: section .reserved_flash overlaps absolute placed section .vectors)
                0x0000000000019200                __init_load_start__ = ALIGN (__vectors_end__, 0x4)

.init           0x0000000000019200      0x1d0
                0x0000000000019200                __init_start__ = .
 *(.init .init.*)
 .init          0x0000000000019200      0x15c Output/UmileUV Release/Obj/thumb_crt0.o
                0x0000000000019200                _start
                0x00000000000192b4                exit
 .init          0x000000000001935c       0x18 Output/UmileUV Release/Obj/ses_startup_nrf52.o
                0x000000000001935c                NMI_Handler
                0x000000000001935e                HardFault_Handler
                0x0000000000019360                MemoryManagement_Handler
                0x0000000000019362                BusFault_Handler
                0x0000000000019364                UsageFault_Handler
                0x0000000000019366                SVC_Handler
                0x0000000000019368                DebugMon_Handler
                0x000000000001936a                PendSV_Handler
                0x000000000001936c                SysTick_Handler
                0x000000000001936e                FPU_IRQHandler
                0x000000000001936e                SPIM0_SPIS0_TWIM0_TWIS0_SPI0_TWI0_IRQHandler
                0x000000000001936e                TIMER4_IRQHandler
                0x000000000001936e                I2S_IRQHandler
                0x000000000001936e                SWI4_EGU4_IRQHandler
                0x000000000001936e                TIMER0_IRQHandler
                0x000000000001936e                Dummy_Handler
                0x000000000001936e                TIMER1_IRQHandler
                0x000000000001936e                PWM2_IRQHandler
                0x000000000001936e                ECB_IRQHandler
                0x000000000001936e                SPIM1_SPIS1_TWIM1_TWIS1_SPI1_TWI1_IRQHandler
                0x000000000001936e                CCM_AAR_IRQHandler
                0x000000000001936e                WDT_IRQHandler
                0x000000000001936e                SWI5_EGU5_IRQHandler
                0x000000000001936e                RNG_IRQHandler
                0x000000000001936e                RTC2_IRQHandler
                0x000000000001936e                PWM0_IRQHandler
                0x000000000001936e                SWI3_EGU3_IRQHandler
                0x000000000001936e                SWI1_EGU1_IRQHandler
                0x000000000001936e                SPIM2_SPIS2_SPI2_IRQHandler
                0x000000000001936e                NFCT_IRQHandler
                0x000000000001936e                MWU_IRQHandler
                0x000000000001936e                COMP_LPCOMP_IRQHandler
                0x000000000001936e                RTC0_IRQHandler
                0x000000000001936e                SWI0_EGU0_IRQHandler
                0x000000000001936e                PWM1_IRQHandler
                0x000000000001936e                RADIO_IRQHandler
                0x000000000001936e                PDM_IRQHandler
                0x000000000001936e                TEMP_IRQHandler
                0x000000000001936e                QDEC_IRQHandler
                0x000000000001936e                TIMER3_IRQHandler
                0x000000000001936e                TIMER2_IRQHandler
                0x0000000000019370                nRFInitialize
 .init          0x0000000000019374       0x5c Output/UmileUV Release/Obj/ses_startup_nrf_common.o
                0x0000000000019374                Reset_Handler
                0x0000000000019378                afterInitialize
                0x000000000001939c                InitializeUserMemorySections
                0x00000000000193d0                __init_end__ = (__init_start__ + SIZEOF (.init))
                0x00000000000001d0                __init_size__ = SIZEOF (.init)
                0x00000000000193d0                __init_load_end__ = __init_end__
                0x0000000000000001                . = ASSERT (((__init_start__ == __init_end__) || ((__init_end__ - __FLASH_segment_start__) <= __FLASH_segment_size__)), error: .init is too large to fit in FLASH memory segment)
                0x00000000000193d0                __init_rodata_load_start__ = ALIGN (__init_end__, 0x4)

.init_rodata    0x00000000000193d0        0x0
                0x00000000000193d0                __init_rodata_start__ = .
 *(.init_rodata .init_rodata.*)
                0x00000000000193d0                __init_rodata_end__ = (__init_rodata_start__ + SIZEOF (.init_rodata))
                0x0000000000000000                __init_rodata_size__ = SIZEOF (.init_rodata)
                0x00000000000193d0                __init_rodata_load_end__ = __init_rodata_end__
                0x0000000000000001                . = ASSERT (((__init_rodata_start__ == __init_rodata_end__) || ((__init_rodata_end__ - __FLASH_segment_start__) <= __FLASH_segment_size__)), error: .init_rodata is too large to fit in FLASH memory segment)
                0x00000000000193d0                __text_load_start__ = ALIGN (__init_rodata_end__, 0x4)

.text           0x00000000000193d0     0x6254
                0x00000000000193d0                __text_start__ = .
 *(.text .text.* .glue_7t .glue_7 .gnu.linkonce.t.* .gcc_except_table .ARM.extab* .gnu.linkonce.armextab.*)
 .glue_7        0x00000000000193d0        0x0 linker stubs
 .glue_7t       0x00000000000193d0        0x0 linker stubs
 .text.nrf_log_backend_rtt_flush
                0x00000000000193d0        0x2 Output/UmileUV Release/Obj/nrf_log_backend_rtt.o
 *fill*         0x00000000000193d2        0x2 
 .text.nrf_log_backend_rtt_put
                0x00000000000193d4       0x1c Output/UmileUV Release/Obj/nrf_log_backend_rtt.o
 .text.serial_tx
                0x00000000000193f0       0x50 Output/UmileUV Release/Obj/nrf_log_backend_rtt.o
 .text.nrf_log_backend_rtt_panic_set
                0x0000000000019440        0x2 Output/UmileUV Release/Obj/nrf_log_backend_rtt.o
 .text.nrf_log_backend_serial_put
                0x0000000000019442       0xc0 Output/UmileUV Release/Obj/nrf_log_backend_serial.o
                0x0000000000019442                nrf_log_backend_serial_put
 .text.invalid_packets_omit
                0x0000000000019502       0x3a Output/UmileUV Release/Obj/nrf_log_frontend.o
 .text.buf_prealloc
                0x000000000001953c      0x138 Output/UmileUV Release/Obj/nrf_log_frontend.o
 .text.nrf_log_module_name_get
                0x0000000000019674       0x38 Output/UmileUV Release/Obj/nrf_log_frontend.o
                0x0000000000019674                nrf_log_module_name_get
 .text.nrf_log_color_id_get
                0x00000000000196ac       0x2c Output/UmileUV Release/Obj/nrf_log_frontend.o
                0x00000000000196ac                nrf_log_color_id_get
 .text.buffer_is_empty
                0x00000000000196d8       0x14 Output/UmileUV Release/Obj/nrf_log_frontend.o
                0x00000000000196d8                buffer_is_empty
 .text.nrf_log_frontend_dequeue
                0x00000000000196ec      0x224 Output/UmileUV Release/Obj/nrf_log_frontend.o
                0x00000000000196ec                nrf_log_frontend_dequeue
 .text.std_n    0x0000000000019910       0xb0 Output/UmileUV Release/Obj/nrf_log_frontend.o
 .text.nrf_log_frontend_std_0
                0x00000000000199c0        0x8 Output/UmileUV Release/Obj/nrf_log_frontend.o
                0x00000000000199c0                nrf_log_frontend_std_0
 .text.nrf_log_frontend_std_1
                0x00000000000199c8       0x12 Output/UmileUV Release/Obj/nrf_log_frontend.o
                0x00000000000199c8                nrf_log_frontend_std_1
 .text.nrf_log_frontend_std_2
                0x00000000000199da       0x14 Output/UmileUV Release/Obj/nrf_log_frontend.o
                0x00000000000199da                nrf_log_frontend_std_2
 .text.nrf_log_frontend_std_6
                0x00000000000199ee       0x24 Output/UmileUV Release/Obj/nrf_log_frontend.o
                0x00000000000199ee                nrf_log_frontend_std_6
 *fill*         0x0000000000019a12        0x2 
 .text.nrf_log_panic
                0x0000000000019a14       0x2c Output/UmileUV Release/Obj/nrf_log_frontend.o
                0x0000000000019a14                nrf_log_panic
 .text.postfix_process
                0x0000000000019a40       0x3c Output/UmileUV Release/Obj/nrf_log_str_formatter.o
 .text.prefix_process
                0x0000000000019a7c       0x78 Output/UmileUV Release/Obj/nrf_log_str_formatter.o
 .text.nrf_log_std_entry_process
                0x0000000000019af4       0xc8 Output/UmileUV Release/Obj/nrf_log_str_formatter.o
                0x0000000000019af4                nrf_log_std_entry_process
 .text.nrf_log_hexdump_entry_process
                0x0000000000019bbc       0xb4 Output/UmileUV Release/Obj/nrf_log_str_formatter.o
                0x0000000000019bbc                nrf_log_hexdump_entry_process
 .text.state_set
                0x0000000000019c70       0x24 Output/UmileUV Release/Obj/app_button.o
 .text.button_get
                0x0000000000019c94       0x30 Output/UmileUV Release/Obj/app_button.o
 .text.usr_event
                0x0000000000019cc4       0x1c Output/UmileUV Release/Obj/app_button.o
 .text.timer_start
                0x0000000000019ce0       0x18 Output/UmileUV Release/Obj/app_button.o
 .text.gpiote_event_handler
                0x0000000000019cf8       0x34 Output/UmileUV Release/Obj/app_button.o
 .text.evt_handle
                0x0000000000019d2c       0xe8 Output/UmileUV Release/Obj/app_button.o
                0x0000000000019d2c                evt_handle
 .text.detection_delay_timeout_handler
                0x0000000000019e14       0x5c Output/UmileUV Release/Obj/app_button.o
 .text.app_button_init
                0x0000000000019e70       0xac Output/UmileUV Release/Obj/app_button.o
                0x0000000000019e70                app_button_init
 .text.app_button_enable
                0x0000000000019f1c       0x2c Output/UmileUV Release/Obj/app_button.o
                0x0000000000019f1c                app_button_enable
 .text.app_button_disable
                0x0000000000019f48       0x58 Output/UmileUV Release/Obj/app_button.o
                0x0000000000019f48                app_button_disable
 .text.app_error_handler_bare
                0x0000000000019fa0       0x1a Output/UmileUV Release/Obj/app_error.o
                0x0000000000019fa0                app_error_handler_bare
 *fill*         0x0000000000019fba        0x2 
 .text.app_error_fault_handler
                0x0000000000019fbc       0x70 Output/UmileUV Release/Obj/app_error_weak.o
                0x0000000000019fbc                app_error_fault_handler
 .text.app_fifo_init
                0x000000000001a02c       0x1e Output/UmileUV Release/Obj/app_fifo.o
                0x000000000001a02c                app_fifo_init
 .text.app_fifo_put
                0x000000000001a04a       0x24 Output/UmileUV Release/Obj/app_fifo.o
                0x000000000001a04a                app_fifo_put
 .text.app_fifo_get
                0x000000000001a06e       0x22 Output/UmileUV Release/Obj/app_fifo.o
                0x000000000001a06e                app_fifo_get
 .text.compare_func
                0x000000000001a090       0x16 Output/UmileUV Release/Obj/app_timer2.o
 *fill*         0x000000000001a0a6        0x2 
 .text.get_now  0x000000000001a0a8       0x44 Output/UmileUV Release/Obj/app_timer2.o
 .text.timer_req_schedule
                0x000000000001a0ec       0x38 Output/UmileUV Release/Obj/app_timer2.o
 .text.timer_expire
                0x000000000001a124       0x70 Output/UmileUV Release/Obj/app_timer2.o
 .text.app_timer_init
                0x000000000001a194       0x64 Output/UmileUV Release/Obj/app_timer2.o
                0x000000000001a194                app_timer_init
 .text.app_timer_create
                0x000000000001a1f8       0x16 Output/UmileUV Release/Obj/app_timer2.o
                0x000000000001a1f8                app_timer_create
 .text.app_timer_start
                0x000000000001a20e       0x30 Output/UmileUV Release/Obj/app_timer2.o
                0x000000000001a20e                app_timer_start
 .text.app_timer_stop
                0x000000000001a23e        0xc Output/UmileUV Release/Obj/app_timer2.o
                0x000000000001a23e                app_timer_stop
 *fill*         0x000000000001a24a        0x2 
 .text.app_timer_stop_all
                0x000000000001a24c       0x10 Output/UmileUV Release/Obj/app_timer2.o
                0x000000000001a24c                app_timer_stop_all
 .text.app_timer_cnt_get
                0x000000000001a25c        0xc Output/UmileUV Release/Obj/app_timer2.o
                0x000000000001a25c                app_timer_cnt_get
 .text.rtc_irq  0x000000000001a268      0x194 Output/UmileUV Release/Obj/app_timer2.o
 .text.nrf_drv_uart_rx.constprop.0
                0x000000000001a3fc       0x28 Output/UmileUV Release/Obj/app_uart_fifo.o
 .text.nrf_drv_uart_tx.constprop.2
                0x000000000001a424       0x28 Output/UmileUV Release/Obj/app_uart_fifo.o
 .text.uart_event_handler
                0x000000000001a44c       0xa0 Output/UmileUV Release/Obj/app_uart_fifo.o
 .text.app_uart_init
                0x000000000001a4ec       0xb0 Output/UmileUV Release/Obj/app_uart_fifo.o
                0x000000000001a4ec                app_uart_init
 .text.app_uart_get
                0x000000000001a59c       0x2c Output/UmileUV Release/Obj/app_uart_fifo.o
                0x000000000001a59c                app_uart_get
 .text.app_uart_put
                0x000000000001a5c8       0x50 Output/UmileUV Release/Obj/app_uart_fifo.o
                0x000000000001a5c8                app_uart_put
 .text.app_util_critical_region_enter
                0x000000000001a618       0x48 Output/UmileUV Release/Obj/app_util_platform.o
                0x000000000001a618                app_util_critical_region_enter
 .text.app_util_critical_region_exit
                0x000000000001a660       0x2c Output/UmileUV Release/Obj/app_util_platform.o
                0x000000000001a660                app_util_critical_region_exit
 .text.evt_pending.isra.3
                0x000000000001a68c       0x1a Output/UmileUV Release/Obj/drv_rtc.o
 *fill*         0x000000000001a6a6        0x2 
 .text.drv_rtc_init
                0x000000000001a6a8       0xac Output/UmileUV Release/Obj/drv_rtc.o
                0x000000000001a6a8                drv_rtc_init
 .text.drv_rtc_start
                0x000000000001a754        0x8 Output/UmileUV Release/Obj/drv_rtc.o
                0x000000000001a754                drv_rtc_start
 .text.drv_rtc_stop
                0x000000000001a75c        0x8 Output/UmileUV Release/Obj/drv_rtc.o
                0x000000000001a75c                drv_rtc_stop
 .text.drv_rtc_compare_set
                0x000000000001a764       0x3e Output/UmileUV Release/Obj/drv_rtc.o
                0x000000000001a764                drv_rtc_compare_set
 *fill*         0x000000000001a7a2        0x2 
 .text.drv_rtc_windowed_compare_set
                0x000000000001a7a4       0xe8 Output/UmileUV Release/Obj/drv_rtc.o
                0x000000000001a7a4                drv_rtc_windowed_compare_set
 .text.drv_rtc_overflow_enable
                0x000000000001a88c       0x10 Output/UmileUV Release/Obj/drv_rtc.o
                0x000000000001a88c                drv_rtc_overflow_enable
 .text.drv_rtc_overflow_pending
                0x000000000001a89c        0xa Output/UmileUV Release/Obj/drv_rtc.o
                0x000000000001a89c                drv_rtc_overflow_pending
 .text.drv_rtc_compare_disable
                0x000000000001a8a6       0x14 Output/UmileUV Release/Obj/drv_rtc.o
                0x000000000001a8a6                drv_rtc_compare_disable
 .text.drv_rtc_compare_pending
                0x000000000001a8ba        0xc Output/UmileUV Release/Obj/drv_rtc.o
                0x000000000001a8ba                drv_rtc_compare_pending
 .text.drv_rtc_counter_get
                0x000000000001a8c6        0x8 Output/UmileUV Release/Obj/drv_rtc.o
                0x000000000001a8c6                drv_rtc_counter_get
 *fill*         0x000000000001a8ce        0x2 
 .text.drv_rtc_irq_trigger
                0x000000000001a8d0       0x20 Output/UmileUV Release/Obj/drv_rtc.o
                0x000000000001a8d0                drv_rtc_irq_trigger
 .text.RTC1_IRQHandler
                0x000000000001a8f0       0x14 Output/UmileUV Release/Obj/drv_rtc.o
                0x000000000001a8f0                RTC1_IRQHandler
 .text.nrf_atfifo_init
                0x000000000001a904       0x26 Output/UmileUV Release/Obj/nrf_atfifo.o
                0x000000000001a904                nrf_atfifo_init
 .text.nrf_atfifo_item_alloc
                0x000000000001a92a       0x54 Output/UmileUV Release/Obj/nrf_atfifo.o
                0x000000000001a92a                nrf_atfifo_item_alloc
 .text.nrf_atfifo_item_put
                0x000000000001a97e       0x20 Output/UmileUV Release/Obj/nrf_atfifo.o
                0x000000000001a97e                nrf_atfifo_item_put
 .text.nrf_atfifo_item_get
                0x000000000001a99e       0x56 Output/UmileUV Release/Obj/nrf_atfifo.o
                0x000000000001a99e                nrf_atfifo_item_get
 .text.nrf_atfifo_item_free
                0x000000000001a9f4       0x20 Output/UmileUV Release/Obj/nrf_atfifo.o
                0x000000000001a9f4                nrf_atfifo_item_free
 .text.nrf_atflags_set
                0x000000000001aa14       0x12 Output/UmileUV Release/Obj/nrf_atflags.o
                0x000000000001aa14                nrf_atflags_set
 .text.nrf_atflags_clear
                0x000000000001aa26       0x14 Output/UmileUV Release/Obj/nrf_atflags.o
                0x000000000001aa26                nrf_atflags_clear
 .text.nrf_atflags_get
                0x000000000001aa3a       0x12 Output/UmileUV Release/Obj/nrf_atflags.o
                0x000000000001aa3a                nrf_atflags_get
 .text.nrf_atomic_u32_fetch_store
                0x000000000001aa4c       0x14 Output/UmileUV Release/Obj/nrf_atomic.o
                0x000000000001aa4c                nrf_atomic_u32_fetch_store
 .text.nrf_atomic_u32_or
                0x000000000001aa60       0x16 Output/UmileUV Release/Obj/nrf_atomic.o
                0x000000000001aa60                nrf_atomic_u32_or
 .text.nrf_atomic_u32_fetch_and
                0x000000000001aa76       0x16 Output/UmileUV Release/Obj/nrf_atomic.o
                0x000000000001aa76                nrf_atomic_u32_fetch_and
 .text.nrf_atomic_u32_and
                0x000000000001aa8c       0x16 Output/UmileUV Release/Obj/nrf_atomic.o
                0x000000000001aa8c                nrf_atomic_u32_and
 .text.nrf_atomic_u32_add
                0x000000000001aaa2       0x16 Output/UmileUV Release/Obj/nrf_atomic.o
                0x000000000001aaa2                nrf_atomic_u32_add
 .text.nrf_atomic_u32_sub
                0x000000000001aab8       0x16 Output/UmileUV Release/Obj/nrf_atomic.o
                0x000000000001aab8                nrf_atomic_u32_sub
 .text.nrf_atomic_flag_set
                0x000000000001aace        0x6 Output/UmileUV Release/Obj/nrf_atomic.o
                0x000000000001aace                nrf_atomic_flag_set
 .text.nrf_atomic_flag_clear_fetch
                0x000000000001aad4        0x6 Output/UmileUV Release/Obj/nrf_atomic.o
                0x000000000001aad4                nrf_atomic_flag_clear_fetch
 .text.nrf_balloc_alloc
                0x000000000001aada       0x48 Output/UmileUV Release/Obj/nrf_balloc.o
                0x000000000001aada                nrf_balloc_alloc
 .text.nrf_balloc_free
                0x000000000001ab22       0x34 Output/UmileUV Release/Obj/nrf_balloc.o
                0x000000000001ab22                nrf_balloc_free
 .text.nrf_fprintf_buffer_flush
                0x000000000001ab56       0x16 Output/UmileUV Release/Obj/nrf_fprintf.o
                0x000000000001ab56                nrf_fprintf_buffer_flush
 .text.nrf_fprintf
                0x000000000001ab6c       0x1c Output/UmileUV Release/Obj/nrf_fprintf.o
                0x000000000001ab6c                nrf_fprintf
 .text.buffer_add
                0x000000000001ab88       0x2e Output/UmileUV Release/Obj/nrf_fprintf_format.o
 *fill*         0x000000000001abb6        0x2 
 .text.unsigned_print
                0x000000000001abb8       0xb0 Output/UmileUV Release/Obj/nrf_fprintf_format.o
 .text.nrf_fprintf_fmt
                0x000000000001ac68      0x276 Output/UmileUV Release/Obj/nrf_fprintf_format.o
                0x000000000001ac68                nrf_fprintf_fmt
 .text.memobj_op
                0x000000000001aede       0x82 Output/UmileUV Release/Obj/nrf_memobj.o
 .text.nrf_memobj_free
                0x000000000001af60       0x2c Output/UmileUV Release/Obj/nrf_memobj.o
                0x000000000001af60                nrf_memobj_free
 .text.nrf_memobj_alloc
                0x000000000001af8c       0x5e Output/UmileUV Release/Obj/nrf_memobj.o
                0x000000000001af8c                nrf_memobj_alloc
 .text.nrf_memobj_get
                0x000000000001afea        0x8 Output/UmileUV Release/Obj/nrf_memobj.o
                0x000000000001afea                nrf_memobj_get
 .text.nrf_memobj_put
                0x000000000001aff2       0x1e Output/UmileUV Release/Obj/nrf_memobj.o
                0x000000000001aff2                nrf_memobj_put
 .text.nrf_memobj_write
                0x000000000001b010       0x14 Output/UmileUV Release/Obj/nrf_memobj.o
                0x000000000001b010                nrf_memobj_write
 .text.nrf_memobj_read
                0x000000000001b024       0x14 Output/UmileUV Release/Obj/nrf_memobj.o
                0x000000000001b024                nrf_memobj_read
 .text.sd_power_system_off
                0x000000000001b038        0x4 Output/UmileUV Release/Obj/nrf_pwr_mgmt.o
 .text.sd_app_evt_wait
                0x000000000001b03c        0x4 Output/UmileUV Release/Obj/nrf_pwr_mgmt.o
 .text.nrf_pwr_mgmt_init
                0x000000000001b040       0x2c Output/UmileUV Release/Obj/nrf_pwr_mgmt.o
                0x000000000001b040                nrf_pwr_mgmt_init
 .text.nrf_pwr_mgmt_run
                0x000000000001b06c       0x4c Output/UmileUV Release/Obj/nrf_pwr_mgmt.o
                0x000000000001b06c                nrf_pwr_mgmt_run
 .text.nrf_pwr_mgmt_shutdown
                0x000000000001b0b8       0xb4 Output/UmileUV Release/Obj/nrf_pwr_mgmt.o
                0x000000000001b0b8                nrf_pwr_mgmt_shutdown
 .text.nrf_section_iter_init
                0x000000000001b16c       0x14 Output/UmileUV Release/Obj/nrf_section_iter.o
                0x000000000001b16c                nrf_section_iter_init
 .text.nrf_section_iter_next
                0x000000000001b180       0x18 Output/UmileUV Release/Obj/nrf_section_iter.o
                0x000000000001b180                nrf_section_iter_next
 .text.nrf_sortlist_add
                0x000000000001b198       0x20 Output/UmileUV Release/Obj/nrf_sortlist.o
                0x000000000001b198                nrf_sortlist_add
 .text.nrf_sortlist_pop
                0x000000000001b1b8        0xc Output/UmileUV Release/Obj/nrf_sortlist.o
                0x000000000001b1b8                nrf_sortlist_pop
 .text.nrf_sortlist_peek
                0x000000000001b1c4        0x6 Output/UmileUV Release/Obj/nrf_sortlist.o
                0x000000000001b1c4                nrf_sortlist_peek
 .text.nrf_sortlist_remove
                0x000000000001b1ca       0x1a Output/UmileUV Release/Obj/nrf_sortlist.o
                0x000000000001b1ca                nrf_sortlist_remove
 .text.nrf_strerror_find
                0x000000000001b1e4       0x3c Output/UmileUV Release/Obj/nrf_strerror.o
                0x000000000001b1e4                nrf_strerror_find
 .text.nrf_strerror_get
                0x000000000001b220       0x14 Output/UmileUV Release/Obj/nrf_strerror.o
                0x000000000001b220                nrf_strerror_get
 .text.errata_12
                0x000000000001b234       0x40 Output/UmileUV Release/Obj/system_nrf52.o
 .text.errata_16
                0x000000000001b274       0x34 Output/UmileUV Release/Obj/system_nrf52.o
 .text.SystemInit
                0x000000000001b2a8      0x25c Output/UmileUV Release/Obj/system_nrf52.o
                0x000000000001b2a8                SystemInit
 .text.bsp_board_button_idx_to_pin
                0x000000000001b504        0x4 Output/UmileUV Release/Obj/boards.o
                0x000000000001b504                bsp_board_button_idx_to_pin
 .text.clock_clk_started_notify
                0x000000000001b508       0x24 Output/UmileUV Release/Obj/nrf_drv_clock.o
 .text.clock_irq_handler
                0x000000000001b52c       0x1c Output/UmileUV Release/Obj/nrf_drv_clock.o
 .text.soc_evt_handler
                0x000000000001b548       0x14 Output/UmileUV Release/Obj/nrf_drv_clock.o
 .text.nrf_drv_clock_init
                0x000000000001b55c       0x38 Output/UmileUV Release/Obj/nrf_drv_clock.o
                0x000000000001b55c                nrf_drv_clock_init
 .text.nrf_drv_clock_lfclk_release
                0x000000000001b594       0x34 Output/UmileUV Release/Obj/nrf_drv_clock.o
                0x000000000001b594                nrf_drv_clock_lfclk_release
 .text.sd_state_evt_handler
                0x000000000001b5c8       0x58 Output/UmileUV Release/Obj/nrf_drv_clock.o
 .text.uarte_evt_handler
                0x000000000001b620       0x34 Output/UmileUV Release/Obj/nrf_drv_uart.o
 .text.uart_evt_handler
                0x000000000001b654       0x34 Output/UmileUV Release/Obj/nrf_drv_uart.o
 .text.nrf_drv_uart_init
                0x000000000001b688       0x78 Output/UmileUV Release/Obj/nrf_drv_uart.o
                0x000000000001b688                nrf_drv_uart_init
 .text.nrf_clock_event_clear
                0x000000000001b700       0x14 Output/UmileUV Release/Obj/nrfx_clock.o
 .text.nrfx_clock_init
                0x000000000001b714       0x1c Output/UmileUV Release/Obj/nrfx_clock.o
                0x000000000001b714                nrfx_clock_init
 .text.nrfx_clock_enable
                0x000000000001b730       0x24 Output/UmileUV Release/Obj/nrfx_clock.o
                0x000000000001b730                nrfx_clock_enable
 .text.nrfx_clock_lfclk_stop
                0x000000000001b754       0x18 Output/UmileUV Release/Obj/nrfx_clock.o
                0x000000000001b754                nrfx_clock_lfclk_stop
 .text.POWER_CLOCK_IRQHandler
                0x000000000001b76c       0xac Output/UmileUV Release/Obj/nrfx_clock.o
                0x000000000001b76c                POWER_CLOCK_IRQHandler
 .text.nrf_gpiote_event_clear
                0x000000000001b818       0x18 Output/UmileUV Release/Obj/nrfx_gpiote.o
 .text.nrf_gpio_cfg_sense_set
                0x000000000001b830       0x20 Output/UmileUV Release/Obj/nrfx_gpiote.o
 .text.channel_free
                0x000000000001b850       0x1c Output/UmileUV Release/Obj/nrfx_gpiote.o
 .text.nrfx_gpiote_init
                0x000000000001b86c       0x70 Output/UmileUV Release/Obj/nrfx_gpiote.o
                0x000000000001b86c                nrfx_gpiote_init
 .text.nrfx_gpiote_is_init
                0x000000000001b8dc       0x14 Output/UmileUV Release/Obj/nrfx_gpiote.o
                0x000000000001b8dc                nrfx_gpiote_is_init
 .text.nrfx_gpiote_in_init
                0x000000000001b8f0       0xe8 Output/UmileUV Release/Obj/nrfx_gpiote.o
                0x000000000001b8f0                nrfx_gpiote_in_init
 .text.nrfx_gpiote_in_event_enable
                0x000000000001b9d8       0x88 Output/UmileUV Release/Obj/nrfx_gpiote.o
                0x000000000001b9d8                nrfx_gpiote_in_event_enable
 .text.nrfx_gpiote_in_event_disable
                0x000000000001ba60       0x44 Output/UmileUV Release/Obj/nrfx_gpiote.o
                0x000000000001ba60                nrfx_gpiote_in_event_disable
 .text.nrfx_gpiote_in_is_set
                0x000000000001baa4       0x12 Output/UmileUV Release/Obj/nrfx_gpiote.o
                0x000000000001baa4                nrfx_gpiote_in_is_set
 *fill*         0x000000000001bab6        0x2 
 .text.GPIOTE_IRQHandler
                0x000000000001bab8      0x184 Output/UmileUV Release/Obj/nrfx_gpiote.o
                0x000000000001bab8                GPIOTE_IRQHandler
 .text.UARTE0_UART0_IRQHandler
                0x000000000001bc3c        0xc Output/UmileUV Release/Obj/nrfx_prs.o
                0x000000000001bc3c                UARTE0_UART0_IRQHandler
 .text.nrfx_prs_acquire
                0x000000000001bc48       0x44 Output/UmileUV Release/Obj/nrfx_prs.o
                0x000000000001bc48                nrfx_prs_acquire
 .text.nrf_uart_event_clear
                0x000000000001bc8c       0x10 Output/UmileUV Release/Obj/nrfx_uart.o
 .text.tx_byte  0x000000000001bc9c       0x1e Output/UmileUV Release/Obj/nrfx_uart.o
 .text.rx_enable.isra.5
                0x000000000001bcba       0x20 Output/UmileUV Release/Obj/nrfx_uart.o
 .text.rx_byte  0x000000000001bcda       0x2c Output/UmileUV Release/Obj/nrfx_uart.o
 *fill*         0x000000000001bd06        0x2 
 .text.rx_done_event.constprop.8
                0x000000000001bd08       0x20 Output/UmileUV Release/Obj/nrfx_uart.o
 .text.nrfx_uart_0_irq_handler
                0x000000000001bd28      0x140 Output/UmileUV Release/Obj/nrfx_uart.o
                0x000000000001bd28                nrfx_uart_0_irq_handler
 .text.nrfx_uart_init
                0x000000000001be68      0x174 Output/UmileUV Release/Obj/nrfx_uart.o
                0x000000000001be68                nrfx_uart_init
 .text.nrfx_uart_tx
                0x000000000001bfdc       0x94 Output/UmileUV Release/Obj/nrfx_uart.o
                0x000000000001bfdc                nrfx_uart_tx
 .text.nrfx_uart_tx_in_progress
                0x000000000001c070       0x18 Output/UmileUV Release/Obj/nrfx_uart.o
                0x000000000001c070                nrfx_uart_tx_in_progress
 .text.nrfx_uart_rx
                0x000000000001c088       0xf0 Output/UmileUV Release/Obj/nrfx_uart.o
                0x000000000001c088                nrfx_uart_rx
 .text.nrf_uarte_event_clear
                0x000000000001c178       0x10 Output/UmileUV Release/Obj/nrfx_uarte.o
 .text.rx_done_event.constprop.7
                0x000000000001c188       0x20 Output/UmileUV Release/Obj/nrfx_uarte.o
 .text.nrfx_uarte_0_irq_handler
                0x000000000001c1a8      0x120 Output/UmileUV Release/Obj/nrfx_uarte.o
                0x000000000001c1a8                nrfx_uarte_0_irq_handler
 .text.nrfx_uarte_init
                0x000000000001c2c8      0x18c Output/UmileUV Release/Obj/nrfx_uarte.o
                0x000000000001c2c8                nrfx_uarte_init
 .text.nrfx_uarte_tx
                0x000000000001c454       0x90 Output/UmileUV Release/Obj/nrfx_uarte.o
                0x000000000001c454                nrfx_uarte_tx
 .text.nrfx_uarte_tx_in_progress
                0x000000000001c4e4       0x18 Output/UmileUV Release/Obj/nrfx_uarte.o
                0x000000000001c4e4                nrfx_uarte_tx_in_progress
 .text.nrfx_uarte_rx
                0x000000000001c4fc       0xd8 Output/UmileUV Release/Obj/nrfx_uarte.o
                0x000000000001c4fc                nrfx_uarte_rx
 .text.nrf_saadc_event_clear
                0x000000000001c5d4       0x18 Output/UmileUV Release/Obj/nrfx_saadc.o
 .text.SAADC_IRQHandler
                0x000000000001c5ec      0x16c Output/UmileUV Release/Obj/nrfx_saadc.o
                0x000000000001c5ec                SAADC_IRQHandler
 .text.nrfx_saadc_init
                0x000000000001c758       0x88 Output/UmileUV Release/Obj/nrfx_saadc.o
                0x000000000001c758                nrfx_saadc_init
 .text.nrfx_saadc_channel_init
                0x000000000001c7e0       0xb4 Output/UmileUV Release/Obj/nrfx_saadc.o
                0x000000000001c7e0                nrfx_saadc_channel_init
 .text.nrfx_saadc_buffer_convert
                0x000000000001c894       0xa8 Output/UmileUV Release/Obj/nrfx_saadc.o
                0x000000000001c894                nrfx_saadc_buffer_convert
 .text.nrfx_saadc_sample
                0x000000000001c93c       0x30 Output/UmileUV Release/Obj/nrfx_saadc.o
                0x000000000001c93c                nrfx_saadc_sample
 .text.nrfx_saadc_limits_set
                0x000000000001c96c       0x78 Output/UmileUV Release/Obj/nrfx_saadc.o
                0x000000000001c96c                nrfx_saadc_limits_set
 .text.nrfx_saadc_channel_uninit
                0x000000000001c9e4       0x54 Output/UmileUV Release/Obj/nrfx_saadc.o
                0x000000000001c9e4                nrfx_saadc_channel_uninit
 .text.bsp_indication_set
                0x000000000001ca38        0x4 Output/UmileUV Release/Obj/bsp.o
                0x000000000001ca38                bsp_indication_set
 .text.bsp_event_to_button_action_assign
                0x000000000001ca3c       0x34 Output/UmileUV Release/Obj/bsp.o
                0x000000000001ca3c                bsp_event_to_button_action_assign
 .text.bsp_wakeup_button_enable
                0x000000000001ca70       0x30 Output/UmileUV Release/Obj/bsp.o
                0x000000000001ca70                bsp_wakeup_button_enable
 .text.advertising_buttons_configure
                0x000000000001caa0       0x36 Output/UmileUV Release/Obj/bsp_btn_ble.o
 *fill*         0x000000000001cad6        0x2 
 .text.ble_evt_handler
                0x000000000001cad8       0x80 Output/UmileUV Release/Obj/bsp_btn_ble.o
 .text.bsp_btn_ble_sleep_mode_prepare
                0x000000000001cb58       0x1e Output/UmileUV Release/Obj/bsp_btn_ble.o
                0x000000000001cb58                bsp_btn_ble_sleep_mode_prepare
 .text.sd_ble_gap_addr_get
                0x000000000001cb76        0x4 Output/UmileUV Release/Obj/main.o
 .text.sd_ble_gap_disconnect
                0x000000000001cb7a        0x4 Output/UmileUV Release/Obj/main.o
 .text.sd_ble_gap_ppcp_set
                0x000000000001cb7e        0x4 Output/UmileUV Release/Obj/main.o
 .text.sd_ble_gap_device_name_set
                0x000000000001cb82        0x4 Output/UmileUV Release/Obj/main.o
 .text.sd_ble_gap_sec_params_reply
                0x000000000001cb86        0x4 Output/UmileUV Release/Obj/main.o
 .text.sd_ble_gap_phy_update
                0x000000000001cb8a        0x4 Output/UmileUV Release/Obj/main.o
 .text.sd_ble_gatts_sys_attr_set
                0x000000000001cb8e        0x4 Output/UmileUV Release/Obj/main.o
 .text.sd_power_system_off
                0x000000000001cb92        0x4 Output/UmileUV Release/Obj/main.o
 .text.nus_data_handler
                0x000000000001cb96        0x2 Output/UmileUV Release/Obj/main.o
 .text.button_timer_handler
                0x000000000001cb98        0xc Output/UmileUV Release/Obj/main.o
 .text.nrf_qwr_error_handler
                0x000000000001cba4        0x4 Output/UmileUV Release/Obj/main.o
 .text.sleep_mode_enter
                0x000000000001cba8       0x28 Output/UmileUV Release/Obj/main.o
 .text.ble_evt_handler
                0x000000000001cbd0       0xdc Output/UmileUV Release/Obj/main.o
 .text.gatt_evt_handler
                0x000000000001ccac       0x4c Output/UmileUV Release/Obj/main.o
                0x000000000001ccac                gatt_evt_handler
 .text.on_conn_params_evt
                0x000000000001ccf8       0x20 Output/UmileUV Release/Obj/main.o
 .text.on_adv_evt
                0x000000000001cd18       0x22 Output/UmileUV Release/Obj/main.o
 *fill*         0x000000000001cd3a        0x2 
 .text.uart_event_handle
                0x000000000001cd3c       0x90 Output/UmileUV Release/Obj/main.o
                0x000000000001cd3c                uart_event_handle
 .text.button_evt_handler
                0x000000000001cdcc       0x4c Output/UmileUV Release/Obj/main.o
 .text.shutdown_handler
                0x000000000001ce18       0x5a Output/UmileUV Release/Obj/main.o
                0x000000000001ce18                shutdown_handler
 .text.conn_params_error_handler
                0x000000000001ce72        0x4 Output/UmileUV Release/Obj/main.o
 *fill*         0x000000000001ce76        0x2 
 .text.gatt_init
                0x000000000001ce78       0x2c Output/UmileUV Release/Obj/main.o
                0x000000000001ce78                gatt_init
 .text.startup.main
                0x000000000001cea4      0x294 Output/UmileUV Release/Obj/main.o
                0x000000000001cea4                main
 .text.adc_app_timer_handler
                0x000000000001d138        0x4 Output/UmileUV Release/Obj/umile_uv.o
 .text.saadc_callback
                0x000000000001d13c      0x144 Output/UmileUV Release/Obj/umile_uv.o
                0x000000000001d13c                saadc_callback
 .text.saadc_init
                0x000000000001d280       0x54 Output/UmileUV Release/Obj/umile_uv.o
                0x000000000001d280                saadc_init
 .text.get_umile_uv_packet_str
                0x000000000001d2d4       0x28 Output/UmileUV Release/Obj/umile_uv.o
                0x000000000001d2d4                get_umile_uv_packet_str
 .text.get_umile_rts
                0x000000000001d2fc        0xc Output/UmileUV Release/Obj/umile_uv.o
                0x000000000001d2fc                get_umile_rts
 .text.reset_umile_rts
                0x000000000001d308        0xc Output/UmileUV Release/Obj/umile_uv.o
                0x000000000001d308                reset_umile_rts
 .text.umile_uv_start
                0x000000000001d314       0x60 Output/UmileUV Release/Obj/umile_uv.o
                0x000000000001d314                umile_uv_start
 .text.umile_uv_stop
                0x000000000001d374       0x3c Output/UmileUV Release/Obj/umile_uv.o
                0x000000000001d374                umile_uv_stop
 .text.umile_uv_init
                0x000000000001d3b0       0x50 Output/UmileUV Release/Obj/umile_uv.o
                0x000000000001d3b0                umile_uv_init
 .text._GetAvailWriteSpace
                0x000000000001d400       0x1c Output/UmileUV Release/Obj/SEGGER_RTT.o
 .text._WriteNoCheck
                0x000000000001d41c       0x34 Output/UmileUV Release/Obj/SEGGER_RTT.o
 .text._WriteBlocking
                0x000000000001d450       0x52 Output/UmileUV Release/Obj/SEGGER_RTT.o
 *fill*         0x000000000001d4a2        0x2 
 .text.SEGGER_RTT_WriteNoLock
                0x000000000001d4a4       0x68 Output/UmileUV Release/Obj/SEGGER_RTT.o
                0x000000000001d4a4                SEGGER_RTT_WriteNoLock
 .text.sd_ble_gap_addr_get
                0x000000000001d50c        0x4 Output/UmileUV Release/Obj/ble_advdata.o
 .text.sd_ble_gap_appearance_get
                0x000000000001d510        0x4 Output/UmileUV Release/Obj/ble_advdata.o
 .text.sd_ble_gap_device_name_get
                0x000000000001d514        0x4 Output/UmileUV Release/Obj/ble_advdata.o
 .text.sd_ble_uuid_encode
                0x000000000001d518        0x4 Output/UmileUV Release/Obj/ble_advdata.o
 .text.uuid_list_sized_encode
                0x000000000001d51c       0xac Output/UmileUV Release/Obj/ble_advdata.o
 .text.uuid_list_encode
                0x000000000001d5c8       0x38 Output/UmileUV Release/Obj/ble_advdata.o
 .text.ble_advdata_encode
                0x000000000001d600      0x394 Output/UmileUV Release/Obj/ble_advdata.o
                0x000000000001d600                ble_advdata_encode
 .text.ble_advdata_search
                0x000000000001d994       0x40 Output/UmileUV Release/Obj/ble_advdata.o
                0x000000000001d994                ble_advdata_search
 .text.ble_advdata_parse
                0x000000000001d9d4       0x20 Output/UmileUV Release/Obj/ble_advdata.o
                0x000000000001d9d4                ble_advdata_parse
 .text.sd_ble_gap_adv_set_configure
                0x000000000001d9f4        0x4 Output/UmileUV Release/Obj/ble_advertising.o
 .text.sd_ble_gap_adv_start
                0x000000000001d9f8        0x4 Output/UmileUV Release/Obj/ble_advertising.o
 .text.flags_set
                0x000000000001d9fc       0x2c Output/UmileUV Release/Obj/ble_advertising.o
 .text.ble_advertising_conn_cfg_tag_set
                0x000000000001da28        0x6 Output/UmileUV Release/Obj/ble_advertising.o
                0x000000000001da28                ble_advertising_conn_cfg_tag_set
 .text.ble_advertising_init
                0x000000000001da2e       0xe4 Output/UmileUV Release/Obj/ble_advertising.o
                0x000000000001da2e                ble_advertising_init
 .text.ble_advertising_start
                0x000000000001db12      0x202 Output/UmileUV Release/Obj/ble_advertising.o
                0x000000000001db12                ble_advertising_start
 .text.ble_advertising_on_ble_evt
                0x000000000001dd14       0x6a Output/UmileUV Release/Obj/ble_advertising.o
                0x000000000001dd14                ble_advertising_on_ble_evt
 .text.sd_ble_gap_conn_param_update
                0x000000000001dd7e        0x4 Output/UmileUV Release/Obj/ble_conn_params.o
 .text.sd_ble_gap_disconnect
                0x000000000001dd82        0x4 Output/UmileUV Release/Obj/ble_conn_params.o
 .text.sd_ble_gap_ppcp_set
                0x000000000001dd86        0x4 Output/UmileUV Release/Obj/ble_conn_params.o
 .text.sd_ble_gap_ppcp_get
                0x000000000001dd8a        0x4 Output/UmileUV Release/Obj/ble_conn_params.o
 *fill*         0x000000000001dd8e        0x2 
 .text.instance_get
                0x000000000001dd90       0x14 Output/UmileUV Release/Obj/ble_conn_params.o
 .text.send_error_evt
                0x000000000001dda4       0x10 Output/UmileUV Release/Obj/ble_conn_params.o
 .text.update_timeout_handler
                0x000000000001ddb4       0x6c Output/UmileUV Release/Obj/ble_conn_params.o
 .text.conn_params_negotiation
                0x000000000001de20       0x48 Output/UmileUV Release/Obj/ble_conn_params.o
 .text.is_conn_params_ok.constprop.3
                0x000000000001de68       0x34 Output/UmileUV Release/Obj/ble_conn_params.o
 .text.ble_evt_handler
                0x000000000001de9c       0xe0 Output/UmileUV Release/Obj/ble_conn_params.o
 .text.ble_conn_params_init
                0x000000000001df7c       0x74 Output/UmileUV Release/Obj/ble_conn_params.o
                0x000000000001df7c                ble_conn_params_init
 .text.flag_toggle
                0x000000000001dff0        0xa Output/UmileUV Release/Obj/ble_conn_state.o
 .text.conn_handle_list_get
                0x000000000001dffa       0x2e Output/UmileUV Release/Obj/ble_conn_state.o
                0x000000000001dffa                conn_handle_list_get
 .text.ble_evt_handler
                0x000000000001e028      0x104 Output/UmileUV Release/Obj/ble_conn_state.o
 .text.ble_conn_state_valid
                0x000000000001e12c       0x14 Output/UmileUV Release/Obj/ble_conn_state.o
                0x000000000001e12c                ble_conn_state_valid
 .text.ble_conn_state_conn_idx
                0x000000000001e140       0x12 Output/UmileUV Release/Obj/ble_conn_state.o
                0x000000000001e140                ble_conn_state_conn_idx
 .text.blcm_link_ctx_get
                0x000000000001e152       0x4e Output/UmileUV Release/Obj/ble_link_ctx_manager.o
                0x000000000001e152                blcm_link_ctx_get
 .text.sd_ble_gatts_characteristic_add
                0x000000000001e1a0        0x4 Output/UmileUV Release/Obj/ble_srv_common.o
 .text.set_security_req
                0x000000000001e1a4       0x2a Output/UmileUV Release/Obj/ble_srv_common.o
 .text.ble_srv_is_notification_enabled
                0x000000000001e1ce        0x8 Output/UmileUV Release/Obj/ble_srv_common.o
                0x000000000001e1ce                ble_srv_is_notification_enabled
 .text.characteristic_add
                0x000000000001e1d6      0x148 Output/UmileUV Release/Obj/ble_srv_common.o
                0x000000000001e1d6                characteristic_add
 .text.sd_ble_gattc_exchange_mtu_request
                0x000000000001e31e        0x4 Output/UmileUV Release/Obj/nrf_ble_gatt.o
 .text.sd_ble_gatts_exchange_mtu_reply
                0x000000000001e322        0x4 Output/UmileUV Release/Obj/nrf_ble_gatt.o
 .text.nrf_ble_gatt_init
                0x000000000001e326       0x1e Output/UmileUV Release/Obj/nrf_ble_gatt.o
                0x000000000001e326                nrf_ble_gatt_init
 .text.nrf_ble_gatt_att_mtu_periph_set
                0x000000000001e344       0x18 Output/UmileUV Release/Obj/nrf_ble_gatt.o
                0x000000000001e344                nrf_ble_gatt_att_mtu_periph_set
 .text.nrf_ble_gatt_on_ble_evt
                0x000000000001e35c      0x13c Output/UmileUV Release/Obj/nrf_ble_gatt.o
                0x000000000001e35c                nrf_ble_gatt_on_ble_evt
 .text.sd_ble_gatts_rw_authorize_reply
                0x000000000001e498        0x4 Output/UmileUV Release/Obj/nrf_ble_qwr.o
 .text.sd_ble_user_mem_reply
                0x000000000001e49c        0x4 Output/UmileUV Release/Obj/nrf_ble_qwr.o
 .text.user_mem_reply.part.0
                0x000000000001e4a0       0x24 Output/UmileUV Release/Obj/nrf_ble_qwr.o
 .text.nrf_ble_qwr_init
                0x000000000001e4c4       0x24 Output/UmileUV Release/Obj/nrf_ble_qwr.o
                0x000000000001e4c4                nrf_ble_qwr_init
 .text.nrf_ble_qwr_conn_handle_assign
                0x000000000001e4e8       0x16 Output/UmileUV Release/Obj/nrf_ble_qwr.o
                0x000000000001e4e8                nrf_ble_qwr_conn_handle_assign
 .text.nrf_ble_qwr_on_ble_evt
                0x000000000001e4fe       0xa0 Output/UmileUV Release/Obj/nrf_ble_qwr.o
                0x000000000001e4fe                nrf_ble_qwr_on_ble_evt
 .text.sd_ble_gatts_service_add
                0x000000000001e59e        0x4 Output/UmileUV Release/Obj/ble_nus.o
 .text.sd_ble_gatts_value_get
                0x000000000001e5a2        0x4 Output/UmileUV Release/Obj/ble_nus.o
 .text.sd_ble_gatts_hvx
                0x000000000001e5a6        0x4 Output/UmileUV Release/Obj/ble_nus.o
 .text.sd_ble_uuid_vs_add
                0x000000000001e5aa        0x4 Output/UmileUV Release/Obj/ble_nus.o
 .text.ble_nus_on_ble_evt
                0x000000000001e5ae      0x132 Output/UmileUV Release/Obj/ble_nus.o
                0x000000000001e5ae                ble_nus_on_ble_evt
 .text.ble_nus_init
                0x000000000001e6e0       0xec Output/UmileUV Release/Obj/ble_nus.o
                0x000000000001e6e0                ble_nus_init
 .text.ble_nus_data_send
                0x000000000001e7cc       0x66 Output/UmileUV Release/Obj/ble_nus.o
                0x000000000001e7cc                ble_nus_data_send
 .text.sd_softdevice_enable
                0x000000000001e832        0x4 Output/UmileUV Release/Obj/nrf_sdh.o
 *fill*         0x000000000001e836        0x2 
 .text.sdh_request_observer_notify
                0x000000000001e838       0x30 Output/UmileUV Release/Obj/nrf_sdh.o
 .text.sdh_state_observer_notify
                0x000000000001e868       0x28 Output/UmileUV Release/Obj/nrf_sdh.o
 .text.softdevices_evt_irq_enable
                0x000000000001e890       0x38 Output/UmileUV Release/Obj/nrf_sdh.o
 .text.nrf_sdh_enable_request
                0x000000000001e8c8       0x7c Output/UmileUV Release/Obj/nrf_sdh.o
                0x000000000001e8c8                nrf_sdh_enable_request
 .text.nrf_sdh_is_enabled
                0x000000000001e944        0xc Output/UmileUV Release/Obj/nrf_sdh.o
                0x000000000001e944                nrf_sdh_is_enabled
 .text.nrf_sdh_evts_poll
                0x000000000001e950       0x28 Output/UmileUV Release/Obj/nrf_sdh.o
                0x000000000001e950                nrf_sdh_evts_poll
 .text.SWI2_EGU2_IRQHandler
                0x000000000001e978        0x4 Output/UmileUV Release/Obj/nrf_sdh.o
                0x000000000001e978                SWI2_EGU2_IRQHandler
 .text.sd_ble_enable
                0x000000000001e97c        0x4 Output/UmileUV Release/Obj/nrf_sdh_ble.o
 .text.sd_ble_cfg_set
                0x000000000001e980        0x4 Output/UmileUV Release/Obj/nrf_sdh_ble.o
 .text.sd_ble_evt_get
                0x000000000001e984        0x4 Output/UmileUV Release/Obj/nrf_sdh_ble.o
 .text.nrf_sdh_ble_evts_poll.part.1
                0x000000000001e988       0x4c Output/UmileUV Release/Obj/nrf_sdh_ble.o
 .text.nrf_sdh_ble_evts_poll
                0x000000000001e9d4       0x10 Output/UmileUV Release/Obj/nrf_sdh_ble.o
 .text.nrf_sdh_ble_default_cfg_set
                0x000000000001e9e4      0x19c Output/UmileUV Release/Obj/nrf_sdh_ble.o
                0x000000000001e9e4                nrf_sdh_ble_default_cfg_set
 .text.nrf_sdh_ble_enable
                0x000000000001eb80       0x94 Output/UmileUV Release/Obj/nrf_sdh_ble.o
                0x000000000001eb80                nrf_sdh_ble_enable
 .text.sd_evt_get
                0x000000000001ec14        0x4 Output/UmileUV Release/Obj/nrf_sdh_soc.o
 .text.nrf_sdh_soc_evts_poll
                0x000000000001ec18       0x3c Output/UmileUV Release/Obj/nrf_sdh_soc.o
 .text.libc.__RAL_ascii_isctype
                0x000000000001ec54       0x1c /Users/wysung/Applications/arm_segger_embedded_studio_v430c_macos_x64_nordic/lib/libc_v7em_fpv4_sp_d16_hard_t_le_eabi.a(libc2.o)
 .text.libc.__RAL_ascii_toupper
                0x000000000001ec70        0xc /Users/wysung/Applications/arm_segger_embedded_studio_v430c_macos_x64_nordic/lib/libc_v7em_fpv4_sp_d16_hard_t_le_eabi.a(libc2.o)
 .text.libc.__RAL_ascii_tolower
                0x000000000001ec7c        0xc /Users/wysung/Applications/arm_segger_embedded_studio_v430c_macos_x64_nordic/lib/libc_v7em_fpv4_sp_d16_hard_t_le_eabi.a(libc2.o)
 .text.libc.__RAL_ascii_iswctype
                0x000000000001ec88       0x1c /Users/wysung/Applications/arm_segger_embedded_studio_v430c_macos_x64_nordic/lib/libc_v7em_fpv4_sp_d16_hard_t_le_eabi.a(libc2.o)
 .text.libc.__RAL_ascii_towupper
                0x000000000001eca4        0xc /Users/wysung/Applications/arm_segger_embedded_studio_v430c_macos_x64_nordic/lib/libc_v7em_fpv4_sp_d16_hard_t_le_eabi.a(libc2.o)
 .text.libc.__RAL_ascii_towlower
                0x000000000001ecb0        0xc /Users/wysung/Applications/arm_segger_embedded_studio_v430c_macos_x64_nordic/lib/libc_v7em_fpv4_sp_d16_hard_t_le_eabi.a(libc2.o)
 .text.libc.__RAL_ascii_wctomb
                0x000000000001ecbc        0xe /Users/wysung/Applications/arm_segger_embedded_studio_v430c_macos_x64_nordic/lib/libc_v7em_fpv4_sp_d16_hard_t_le_eabi.a(libc2.o)
                0x000000000001ecbc                __RAL_ascii_wctomb
 .text.libc.__RAL_ascii_mbtowc
                0x000000000001ecca       0x24 /Users/wysung/Applications/arm_segger_embedded_studio_v430c_macos_x64_nordic/lib/libc_v7em_fpv4_sp_d16_hard_t_le_eabi.a(libc2.o)
                0x000000000001ecca                __RAL_ascii_mbtowc
 .text.libc.__putc
                0x000000000001ecee       0x34 /Users/wysung/Applications/arm_segger_embedded_studio_v430c_macos_x64_nordic/lib/libc_v7em_fpv4_sp_d16_hard_t_le_eabi.a(libc2.o)
                0x000000000001ecee                __putc
 .text.libc.__RAL_print_padding
                0x000000000001ed22       0x1c /Users/wysung/Applications/arm_segger_embedded_studio_v430c_macos_x64_nordic/lib/libc_v7em_fpv4_sp_d16_hard_t_le_eabi.a(libc2.o)
                0x000000000001ed22                __RAL_print_padding
 .text.libc.__RAL_pre_padding
                0x000000000001ed3e       0x1c /Users/wysung/Applications/arm_segger_embedded_studio_v430c_macos_x64_nordic/lib/libc_v7em_fpv4_sp_d16_hard_t_le_eabi.a(libc2.o)
                0x000000000001ed3e                __RAL_pre_padding
 *fill*         0x000000000001ed5a        0x2 
 .text.libc.__RAL_isctype
                0x000000000001ed5c       0x14 /Users/wysung/Applications/arm_segger_embedded_studio_v430c_macos_x64_nordic/lib/libc_v7em_fpv4_sp_d16_hard_t_le_eabi.a(libc2.o)
                0x000000000001ed5c                __RAL_isctype
 .text.libc.isprint
                0x000000000001ed70        0xa /Users/wysung/Applications/arm_segger_embedded_studio_v430c_macos_x64_nordic/lib/libc_v7em_fpv4_sp_d16_hard_t_le_eabi.a(libc2.o)
                0x000000000001ed70                isprint
 .text.libc.sprintf
                0x000000000001ed7a       0x2a /Users/wysung/Applications/arm_segger_embedded_studio_v430c_macos_x64_nordic/lib/libc_v7em_fpv4_sp_d16_hard_t_le_eabi.a(libc2.o)
                0x000000000001ed7a                sprintf
 .text.libc.strnlen
                0x000000000001eda4       0x22 /Users/wysung/Applications/arm_segger_embedded_studio_v430c_macos_x64_nordic/lib/libc_v7em_fpv4_sp_d16_hard_t_le_eabi.a(libc2.o)
                0x000000000001eda4                strnlen
 .text.libc.memcpy
                0x000000000001edc6       0x52 /Users/wysung/Applications/arm_segger_embedded_studio_v430c_macos_x64_nordic/lib/libc_v7em_fpv4_sp_d16_hard_t_le_eabi.a(libc2_asm.o)
                0x000000000001edc6                memcpy
                0x000000000001edc6                __aeabi_memcpy
                0x000000000001edd2                __aeabi_memcpy4
                0x000000000001edd2                __aeabi_memcpy8
 .text.libc.memset
                0x000000000001ee18       0x66 /Users/wysung/Applications/arm_segger_embedded_studio_v430c_macos_x64_nordic/lib/libc_v7em_fpv4_sp_d16_hard_t_le_eabi.a(libc2_asm.o)
                0x000000000001ee18                memset
 .text.libc.strlen
                0x000000000001ee7e       0x60 /Users/wysung/Applications/arm_segger_embedded_studio_v430c_macos_x64_nordic/lib/libc_v7em_fpv4_sp_d16_hard_t_le_eabi.a(libc2_asm.o)
                0x000000000001ee7e                strlen
 *fill*         0x000000000001eede        0x2 
 .text.libc.__vfprintf_long
                0x000000000001eee0      0x744 /Users/wysung/Applications/arm_segger_embedded_studio_v430c_macos_x64_nordic/lib/libvfprintf_v7em_fpv4_sp_d16_hard_t_le_eabi.o
                0x000000000001eee0                __vfprintf_long
                0x000000000001f624                __text_end__ = (__text_start__ + SIZEOF (.text))
                0x0000000000006254                __text_size__ = SIZEOF (.text)
                0x000000000001f624                __text_load_end__ = __text_end__

.vfp11_veneer   0x0000000100000000        0x0
 .vfp11_veneer  0x0000000100000000        0x0 linker stubs

.v4_bx          0x0000000100000000        0x0
 .v4_bx         0x0000000100000000        0x0 linker stubs

.iplt           0x0000000100000000        0x0
 .iplt          0x0000000100000000        0x0 Output/UmileUV Release/Obj/thumb_crt0.o
                0x0000000000000001                . = ASSERT (((__text_start__ == __text_end__) || ((__text_end__ - __FLASH_segment_start__) <= __FLASH_segment_size__)), error: .text is too large to fit in FLASH memory segment)
                0x000000000001f624                __sdh_soc_observers_load_start__ = ALIGN (__text_end__, 0x4)

.sdh_soc_observers
                0x000000000001f624        0x8
                0x000000000001f624                __sdh_soc_observers_start__ = .
                0x000000000001f624                __start_sdh_soc_observers = __sdh_soc_observers_start__
 *(SORT_BY_NAME(.sdh_soc_observers*))
 .sdh_soc_observers0
                0x000000000001f624        0x8 Output/UmileUV Release/Obj/nrf_drv_clock.o
                0x000000000001f62c                __sdh_soc_observers_end__ = (__sdh_soc_observers_start__ + SIZEOF (.sdh_soc_observers))
                0x0000000000000008                __sdh_soc_observers_size__ = SIZEOF (.sdh_soc_observers)
                0x000000000001f62c                __stop_sdh_soc_observers = __sdh_soc_observers_end__
                0x000000000001f62c                __sdh_soc_observers_load_end__ = __sdh_soc_observers_end__
                0x0000000000000001                . = ASSERT (((__sdh_soc_observers_start__ == __sdh_soc_observers_end__) || ((__sdh_soc_observers_end__ - __FLASH_segment_start__) <= __FLASH_segment_size__)), error: .sdh_soc_observers is too large to fit in FLASH memory segment)
                0x000000000001f62c                __sdh_ble_observers_load_start__ = ALIGN (__sdh_soc_observers_end__, 0x4)

.sdh_ble_observers
                0x000000000001f62c       0x40
                0x000000000001f62c                __sdh_ble_observers_start__ = .
                0x000000000001f62c                __start_sdh_ble_observers = __sdh_ble_observers_start__
 *(SORT_BY_NAME(.sdh_ble_observers*))
 .sdh_ble_observers0
                0x000000000001f62c        0x8 Output/UmileUV Release/Obj/ble_conn_state.o
 .sdh_ble_observers1
                0x000000000001f634        0x8 Output/UmileUV Release/Obj/bsp_btn_ble.o
 .sdh_ble_observers1
                0x000000000001f63c       0x10 Output/UmileUV Release/Obj/main.o
 .sdh_ble_observers1
                0x000000000001f64c        0x8 Output/UmileUV Release/Obj/ble_conn_params.o
 .sdh_ble_observers2
                0x000000000001f654       0x10 Output/UmileUV Release/Obj/main.o
 .sdh_ble_observers3
                0x000000000001f664        0x8 Output/UmileUV Release/Obj/main.o
                0x000000000001f66c                __sdh_ble_observers_end__ = (__sdh_ble_observers_start__ + SIZEOF (.sdh_ble_observers))
                0x0000000000000040                __sdh_ble_observers_size__ = SIZEOF (.sdh_ble_observers)
                0x000000000001f66c                __stop_sdh_ble_observers = __sdh_ble_observers_end__
                0x000000000001f66c                __sdh_ble_observers_load_end__ = __sdh_ble_observers_end__
                0x0000000000000001                . = ASSERT (((__sdh_ble_observers_start__ == __sdh_ble_observers_end__) || ((__sdh_ble_observers_end__ - __FLASH_segment_start__) <= __FLASH_segment_size__)), error: .sdh_ble_observers is too large to fit in FLASH memory segment)
                0x000000000001f66c                __pwr_mgmt_data_load_start__ = ALIGN (__sdh_ble_observers_end__, 0x4)

.pwr_mgmt_data  0x000000000001f66c        0x4
                0x000000000001f66c                __pwr_mgmt_data_start__ = .
                0x000000000001f66c                __start_pwr_mgmt_data = __pwr_mgmt_data_start__
 *(SORT_BY_NAME(.pwr_mgmt_data*))
 .pwr_mgmt_data0
                0x000000000001f66c        0x4 Output/UmileUV Release/Obj/main.o
                0x000000000001f670                __pwr_mgmt_data_end__ = (__pwr_mgmt_data_start__ + SIZEOF (.pwr_mgmt_data))
                0x0000000000000004                __pwr_mgmt_data_size__ = SIZEOF (.pwr_mgmt_data)
                0x000000000001f670                __stop_pwr_mgmt_data = __pwr_mgmt_data_end__
                0x000000000001f670                __pwr_mgmt_data_load_end__ = __pwr_mgmt_data_end__
                0x0000000000000001                . = ASSERT (((__pwr_mgmt_data_start__ == __pwr_mgmt_data_end__) || ((__pwr_mgmt_data_end__ - __FLASH_segment_start__) <= __FLASH_segment_size__)), error: .pwr_mgmt_data is too large to fit in FLASH memory segment)
                0x000000000001f670                __sdh_state_observers_load_start__ = ALIGN (__pwr_mgmt_data_end__, 0x4)

.sdh_state_observers
                0x000000000001f670        0x8
                0x000000000001f670                __sdh_state_observers_start__ = .
                0x000000000001f670                __start_sdh_state_observers = __sdh_state_observers_start__
 *(SORT_BY_NAME(.sdh_state_observers*))
 .sdh_state_observers0
                0x000000000001f670        0x8 Output/UmileUV Release/Obj/nrf_drv_clock.o
                0x000000000001f678                __sdh_state_observers_end__ = (__sdh_state_observers_start__ + SIZEOF (.sdh_state_observers))
                0x0000000000000008                __sdh_state_observers_size__ = SIZEOF (.sdh_state_observers)
                0x000000000001f678                __stop_sdh_state_observers = __sdh_state_observers_end__
                0x000000000001f678                __sdh_state_observers_load_end__ = __sdh_state_observers_end__
                0x0000000000000001                . = ASSERT (((__sdh_state_observers_start__ == __sdh_state_observers_end__) || ((__sdh_state_observers_end__ - __FLASH_segment_start__) <= __FLASH_segment_size__)), error: .sdh_state_observers is too large to fit in FLASH memory segment)
                0x000000000001f678                __sdh_stack_observers_load_start__ = ALIGN (__sdh_state_observers_end__, 0x4)

.sdh_stack_observers
                0x000000000001f678       0x10
                0x000000000001f678                __sdh_stack_observers_start__ = .
                0x000000000001f678                __start_sdh_stack_observers = __sdh_stack_observers_start__
 *(SORT_BY_NAME(.sdh_stack_observers*))
 .sdh_stack_observers0
                0x000000000001f678        0x8 Output/UmileUV Release/Obj/nrf_sdh_ble.o
 .sdh_stack_observers0
                0x000000000001f680        0x8 Output/UmileUV Release/Obj/nrf_sdh_soc.o
                0x000000000001f688                __sdh_stack_observers_end__ = (__sdh_stack_observers_start__ + SIZEOF (.sdh_stack_observers))
                0x0000000000000010                __sdh_stack_observers_size__ = SIZEOF (.sdh_stack_observers)
                0x000000000001f688                __stop_sdh_stack_observers = __sdh_stack_observers_end__
                0x000000000001f688                __sdh_stack_observers_load_end__ = __sdh_stack_observers_end__
                0x0000000000000001                . = ASSERT (((__sdh_stack_observers_start__ == __sdh_stack_observers_end__) || ((__sdh_stack_observers_end__ - __FLASH_segment_start__) <= __FLASH_segment_size__)), error: .sdh_stack_observers is too large to fit in FLASH memory segment)
                0x000000000001f688                __sdh_req_observers_load_start__ = ALIGN (__sdh_stack_observers_end__, 0x4)

.sdh_req_observers
                0x000000000001f688        0x0
                0x000000000001f688                __sdh_req_observers_start__ = .
                0x000000000001f688                __start_sdh_req_observers = __sdh_req_observers_start__
 *(SORT_BY_NAME(.sdh_req_observers*))
                0x000000000001f688                __sdh_req_observers_end__ = (__sdh_req_observers_start__ + SIZEOF (.sdh_req_observers))
                0x0000000000000000                __sdh_req_observers_size__ = SIZEOF (.sdh_req_observers)
                0x000000000001f688                __stop_sdh_req_observers = __sdh_req_observers_end__
                0x000000000001f688                __sdh_req_observers_load_end__ = __sdh_req_observers_end__
                0x0000000000000001                . = ASSERT (((__sdh_req_observers_start__ == __sdh_req_observers_end__) || ((__sdh_req_observers_end__ - __FLASH_segment_start__) <= __FLASH_segment_size__)), error: .sdh_req_observers is too large to fit in FLASH memory segment)
                0x000000000001f688                __nrf_queue_load_start__ = ALIGN (__sdh_req_observers_end__, 0x4)

.nrf_queue      0x000000000001f688        0x0
                0x000000000001f688                __nrf_queue_start__ = .
                0x000000000001f688                __start_nrf_queue = __nrf_queue_start__
 *(.nrf_queue*)
                0x000000000001f688                __nrf_queue_end__ = (__nrf_queue_start__ + SIZEOF (.nrf_queue))
                0x0000000000000000                __nrf_queue_size__ = SIZEOF (.nrf_queue)
                0x000000000001f688                __stop_nrf_queue = __nrf_queue_end__
                0x000000000001f688                __nrf_queue_load_end__ = __nrf_queue_end__
                0x0000000000000001                . = ASSERT (((__nrf_queue_start__ == __nrf_queue_end__) || ((__nrf_queue_end__ - __FLASH_segment_start__) <= __FLASH_segment_size__)), error: .nrf_queue is too large to fit in FLASH memory segment)
                0x000000000001f688                __nrf_balloc_load_start__ = ALIGN (__nrf_queue_end__, 0x4)

.nrf_balloc     0x000000000001f688       0x14
                0x000000000001f688                __nrf_balloc_start__ = .
                0x000000000001f688                __start_nrf_balloc = __nrf_balloc_start__
 *(.nrf_balloc*)
 .nrf_balloc    0x000000000001f688       0x14 Output/UmileUV Release/Obj/nrf_log_frontend.o
                0x000000000001f688                log_mempool
                0x000000000001f69c                __nrf_balloc_end__ = (__nrf_balloc_start__ + SIZEOF (.nrf_balloc))
                0x0000000000000014                __nrf_balloc_size__ = SIZEOF (.nrf_balloc)
                0x000000000001f69c                __stop_nrf_balloc = __nrf_balloc_end__
                0x000000000001f69c                __nrf_balloc_load_end__ = __nrf_balloc_end__
                0x0000000000000001                . = ASSERT (((__nrf_balloc_start__ == __nrf_balloc_end__) || ((__nrf_balloc_end__ - __FLASH_segment_start__) <= __FLASH_segment_size__)), error: .nrf_balloc is too large to fit in FLASH memory segment)
                0x000000000001f69c                __cli_command_load_start__ = ALIGN (__nrf_balloc_end__, 0x4)

.cli_command    0x000000000001f69c        0x0
                0x000000000001f69c                __cli_command_start__ = .
                0x000000000001f69c                __start_cli_command = __cli_command_start__
 *(.cli_command*)
                0x000000000001f69c                __cli_command_end__ = (__cli_command_start__ + SIZEOF (.cli_command))
                0x0000000000000000                __cli_command_size__ = SIZEOF (.cli_command)
                0x000000000001f69c                __stop_cli_command = __cli_command_end__
                0x000000000001f69c                __cli_command_load_end__ = __cli_command_end__
                0x0000000000000001                . = ASSERT (((__cli_command_start__ == __cli_command_end__) || ((__cli_command_end__ - __FLASH_segment_start__) <= __FLASH_segment_size__)), error: .cli_command is too large to fit in FLASH memory segment)
                0x000000000001f69c                __crypto_data_load_start__ = ALIGN (__cli_command_end__, 0x4)

.crypto_data    0x000000000001f69c        0x0
                0x000000000001f69c                __crypto_data_start__ = .
                0x000000000001f69c                __start_crypto_data = __crypto_data_start__
 *(SORT_BY_NAME(.crypto_data*))
                0x000000000001f69c                __crypto_data_end__ = (__crypto_data_start__ + SIZEOF (.crypto_data))
                0x0000000000000000                __crypto_data_size__ = SIZEOF (.crypto_data)
                0x000000000001f69c                __stop_crypto_data = __crypto_data_end__
                0x000000000001f69c                __crypto_data_load_end__ = __crypto_data_end__
                0x0000000000000001                . = ASSERT (((__crypto_data_start__ == __crypto_data_end__) || ((__crypto_data_end__ - __FLASH_segment_start__) <= __FLASH_segment_size__)), error: .crypto_data is too large to fit in FLASH memory segment)
                0x000000000001f69c                __log_const_data_load_start__ = ALIGN (__crypto_data_end__, 0x4)

.log_const_data
                0x000000000001f69c       0x88
                0x000000000001f69c                __log_const_data_start__ = .
                0x000000000001f69c                __start_log_const_data = __log_const_data_start__
 *(SORT_BY_NAME(.log_const_data*))
 .log_const_data_CLOCK
                0x000000000001f69c        0x8 Output/UmileUV Release/Obj/nrfx_clock.o
                0x000000000001f69c                m_nrf_log_CLOCK_logs_data_const
 .log_const_data_GPIOTE
                0x000000000001f6a4        0x8 Output/UmileUV Release/Obj/nrfx_gpiote.o
                0x000000000001f6a4                m_nrf_log_GPIOTE_logs_data_const
 .log_const_data_PRS
                0x000000000001f6ac        0x8 Output/UmileUV Release/Obj/nrfx_prs.o
                0x000000000001f6ac                m_nrf_log_PRS_logs_data_const
 .log_const_data_SAADC
                0x000000000001f6b4        0x8 Output/UmileUV Release/Obj/nrfx_saadc.o
                0x000000000001f6b4                m_nrf_log_SAADC_logs_data_const
 .log_const_data_UART
                0x000000000001f6bc        0x8 Output/UmileUV Release/Obj/nrfx_uart.o
                0x000000000001f6bc                m_nrf_log_UART_logs_data_const
 .log_const_data_UARTE
                0x000000000001f6c4        0x8 Output/UmileUV Release/Obj/nrfx_uarte.o
                0x000000000001f6c4                m_nrf_log_UARTE_logs_data_const
 .log_const_data_app
                0x000000000001f6cc        0x8 Output/UmileUV Release/Obj/nrf_log_frontend.o
                0x000000000001f6cc                m_nrf_log_app_logs_data_const
 .log_const_data_app_button
                0x000000000001f6d4        0x8 Output/UmileUV Release/Obj/app_button.o
                0x000000000001f6d4                m_nrf_log_app_button_logs_data_const
 .log_const_data_app_timer
                0x000000000001f6dc        0x8 Output/UmileUV Release/Obj/app_timer2.o
                0x000000000001f6dc                m_nrf_log_app_timer_logs_data_const
 .log_const_data_ble_nus
                0x000000000001f6e4        0x8 Output/UmileUV Release/Obj/ble_nus.o
                0x000000000001f6e4                m_nrf_log_ble_nus_logs_data_const
 .log_const_data_clock
                0x000000000001f6ec        0x8 Output/UmileUV Release/Obj/nrf_drv_clock.o
                0x000000000001f6ec                m_nrf_log_clock_logs_data_const
 .log_const_data_nrf_ble_gatt
                0x000000000001f6f4        0x8 Output/UmileUV Release/Obj/nrf_ble_gatt.o
                0x000000000001f6f4                m_nrf_log_nrf_ble_gatt_logs_data_const
 .log_const_data_nrf_sdh
                0x000000000001f6fc        0x8 Output/UmileUV Release/Obj/nrf_sdh.o
                0x000000000001f6fc                m_nrf_log_nrf_sdh_logs_data_const
 .log_const_data_nrf_sdh_ble
                0x000000000001f704        0x8 Output/UmileUV Release/Obj/nrf_sdh_ble.o
                0x000000000001f704                m_nrf_log_nrf_sdh_ble_logs_data_const
 .log_const_data_nrf_sdh_soc
                0x000000000001f70c        0x8 Output/UmileUV Release/Obj/nrf_sdh_soc.o
                0x000000000001f70c                m_nrf_log_nrf_sdh_soc_logs_data_const
 .log_const_data_pwr_mgmt
                0x000000000001f714        0x8 Output/UmileUV Release/Obj/nrf_pwr_mgmt.o
                0x000000000001f714                m_nrf_log_pwr_mgmt_logs_data_const
 .log_const_data_sortlist
                0x000000000001f71c        0x8 Output/UmileUV Release/Obj/nrf_sortlist.o
                0x000000000001f71c                m_nrf_log_sortlist_logs_data_const
                0x000000000001f724                __log_const_data_end__ = (__log_const_data_start__ + SIZEOF (.log_const_data))
                0x0000000000000088                __log_const_data_size__ = SIZEOF (.log_const_data)
                0x000000000001f724                __stop_log_const_data = __log_const_data_end__
                0x000000000001f724                __log_const_data_load_end__ = __log_const_data_end__
                0x0000000000000001                . = ASSERT (((__log_const_data_start__ == __log_const_data_end__) || ((__log_const_data_end__ - __FLASH_segment_start__) <= __FLASH_segment_size__)), error: .log_const_data is too large to fit in FLASH memory segment)
                0x000000000001f724                __log_backends_load_start__ = ALIGN (__log_const_data_end__, 0x4)

.log_backends   0x000000000001f724       0x10
                0x000000000001f724                __log_backends_start__ = .
                0x000000000001f724                __start_log_backends = __log_backends_start__
 *(SORT_BY_NAME(.log_backends*))
 .log_backends  0x000000000001f724       0x10 Output/UmileUV Release/Obj/nrf_log_default_backends.o
                0x000000000001f734                __log_backends_end__ = (__log_backends_start__ + SIZEOF (.log_backends))
                0x0000000000000010                __log_backends_size__ = SIZEOF (.log_backends)
                0x000000000001f734                __stop_log_backends = __log_backends_end__
                0x000000000001f734                __log_backends_load_end__ = __log_backends_end__
                0x0000000000000001                . = ASSERT (((__log_backends_start__ == __log_backends_end__) || ((__log_backends_end__ - __FLASH_segment_start__) <= __FLASH_segment_size__)), error: .log_backends is too large to fit in FLASH memory segment)
                0x000000000001f734                __nrf_sections_load_start__ = ALIGN (__log_backends_end__, 0x4)

.nrf_sections   0x000000000001f734        0x0
                0x000000000001f734                __nrf_sections_start__ = .
                0x000000000001f734                __start_nrf_sections = __nrf_sections_start__
 *(.nrf_sections .nrf_sections.*)
                0x000000000001f734                __nrf_sections_end__ = (__nrf_sections_start__ + SIZEOF (.nrf_sections))
                0x0000000000000000                __nrf_sections_size__ = SIZEOF (.nrf_sections)
                0x000000000001f734                __nrf_sections_load_end__ = __nrf_sections_end__
                0x0000000000000001                . = ASSERT (((__nrf_sections_start__ == __nrf_sections_end__) || ((__nrf_sections_end__ - __FLASH_segment_start__) <= __FLASH_segment_size__)), error: .nrf_sections is too large to fit in FLASH memory segment)
                0x000000000001f734                __cli_sorted_cmd_ptrs_load_start__ = ALIGN (__nrf_sections_end__, 0x4)

.cli_sorted_cmd_ptrs
                0x00000000200022c8        0x0 load address 0x000000000001f734
                0x00000000200022c8                __cli_sorted_cmd_ptrs_start__ = .
 *(.cli_sorted_cmd_ptrs*)
                0x00000000200022c8                __cli_sorted_cmd_ptrs_end__ = (__cli_sorted_cmd_ptrs_start__ + SIZEOF (.cli_sorted_cmd_ptrs))
                0x0000000000000000                __cli_sorted_cmd_ptrs_size__ = SIZEOF (.cli_sorted_cmd_ptrs)
                0x000000000001f734                __cli_sorted_cmd_ptrs_load_end__ = (__cli_sorted_cmd_ptrs_load_start__ + SIZEOF (.cli_sorted_cmd_ptrs))
                0x0000000000000001                . = ASSERT (((__cli_sorted_cmd_ptrs_load_start__ == __cli_sorted_cmd_ptrs_load_end__) || ((__cli_sorted_cmd_ptrs_load_end__ - __FLASH_segment_start__) <= __FLASH_segment_size__)), error: .cli_sorted_cmd_ptrs is too large to fit in FLASH memory segment)

.cli_sorted_cmd_ptrs_run
                0x00000000200022c8        0x0
                0x00000000200022c8                __cli_sorted_cmd_ptrs_run_start__ = .
                0x00000000200022c8                __start_cli_sorted_cmd_ptrs = __cli_sorted_cmd_ptrs_run_start__
                0x00000000200022c8                . = MAX ((__cli_sorted_cmd_ptrs_run_start__ + SIZEOF (.cli_sorted_cmd_ptrs)), .)
                0x00000000200022c8                __cli_sorted_cmd_ptrs_run_end__ = (__cli_sorted_cmd_ptrs_run_start__ + SIZEOF (.cli_sorted_cmd_ptrs_run))
                0x0000000000000000                __cli_sorted_cmd_ptrs_run_size__ = SIZEOF (.cli_sorted_cmd_ptrs_run)
                0x00000000200022c8                __stop_cli_sorted_cmd_ptrs = __cli_sorted_cmd_ptrs_run_end__
                0x00000000200022c8                __cli_sorted_cmd_ptrs_run_load_end__ = __cli_sorted_cmd_ptrs_run_end__
                0x0000000000000001                . = ASSERT (((__cli_sorted_cmd_ptrs_run_start__ == __cli_sorted_cmd_ptrs_run_end__) || ((__cli_sorted_cmd_ptrs_run_end__ - __RAM_segment_start__) <= __RAM_segment_size__)), error: .cli_sorted_cmd_ptrs_run is too large to fit in RAM memory segment)
                0x000000000001f734                __fs_data_load_start__ = ALIGN ((__cli_sorted_cmd_ptrs_load_start__ + SIZEOF (.cli_sorted_cmd_ptrs)), 0x4)

.fs_data        0x00000000200022c8        0x0 load address 0x000000000001f734
                0x00000000200022c8                __fs_data_start__ = .
 *(.fs_data*)
                0x00000000200022c8                __fs_data_end__ = (__fs_data_start__ + SIZEOF (.fs_data))
                0x0000000000000000                __fs_data_size__ = SIZEOF (.fs_data)
                0x000000000001f734                __fs_data_load_end__ = (__fs_data_load_start__ + SIZEOF (.fs_data))
                0x0000000000000001                . = ASSERT (((__fs_data_load_start__ == __fs_data_load_end__) || ((__fs_data_load_end__ - __FLASH_segment_start__) <= __FLASH_segment_size__)), error: .fs_data is too large to fit in FLASH memory segment)

.fs_data_run    0x00000000200022c8        0x0
                0x00000000200022c8                __fs_data_run_start__ = .
                0x00000000200022c8                __start_fs_data = __fs_data_run_start__
                0x00000000200022c8                . = MAX ((__fs_data_run_start__ + SIZEOF (.fs_data)), .)
                0x00000000200022c8                __fs_data_run_end__ = (__fs_data_run_start__ + SIZEOF (.fs_data_run))
                0x0000000000000000                __fs_data_run_size__ = SIZEOF (.fs_data_run)
                0x00000000200022c8                __stop_fs_data = __fs_data_run_end__
                0x00000000200022c8                __fs_data_run_load_end__ = __fs_data_run_end__
                0x0000000000000001                . = ASSERT (((__fs_data_run_start__ == __fs_data_run_end__) || ((__fs_data_run_end__ - __RAM_segment_start__) <= __RAM_segment_size__)), error: .fs_data_run is too large to fit in RAM memory segment)
                0x000000000001f734                __log_dynamic_data_load_start__ = ALIGN ((__fs_data_load_start__ + SIZEOF (.fs_data)), 0x4)

.log_dynamic_data
                0x00000000200022c8        0x0 load address 0x000000000001f734
                0x00000000200022c8                __log_dynamic_data_start__ = .
 *(SORT_BY_NAME(.log_dynamic_data*))
                0x00000000200022c8                __log_dynamic_data_end__ = (__log_dynamic_data_start__ + SIZEOF (.log_dynamic_data))
                0x0000000000000000                __log_dynamic_data_size__ = SIZEOF (.log_dynamic_data)
                0x000000000001f734                __log_dynamic_data_load_end__ = (__log_dynamic_data_load_start__ + SIZEOF (.log_dynamic_data))
                0x0000000000000001                . = ASSERT (((__log_dynamic_data_load_start__ == __log_dynamic_data_load_end__) || ((__log_dynamic_data_load_end__ - __FLASH_segment_start__) <= __FLASH_segment_size__)), error: .log_dynamic_data is too large to fit in FLASH memory segment)

.log_dynamic_data_run
                0x00000000200022c8        0x0
                0x00000000200022c8                __log_dynamic_data_run_start__ = .
                0x00000000200022c8                __start_log_dynamic_data = __log_dynamic_data_run_start__
                0x00000000200022c8                . = MAX ((__log_dynamic_data_run_start__ + SIZEOF (.log_dynamic_data)), .)
                0x00000000200022c8                __log_dynamic_data_run_end__ = (__log_dynamic_data_run_start__ + SIZEOF (.log_dynamic_data_run))
                0x0000000000000000                __log_dynamic_data_run_size__ = SIZEOF (.log_dynamic_data_run)
                0x00000000200022c8                __stop_log_dynamic_data = __log_dynamic_data_run_end__
                0x00000000200022c8                __log_dynamic_data_run_load_end__ = __log_dynamic_data_run_end__
                0x0000000000000001                . = ASSERT (((__log_dynamic_data_run_start__ == __log_dynamic_data_run_end__) || ((__log_dynamic_data_run_end__ - __RAM_segment_start__) <= __RAM_segment_size__)), error: .log_dynamic_data_run is too large to fit in RAM memory segment)
                0x000000000001f734                __log_filter_data_load_start__ = ALIGN ((__log_dynamic_data_load_start__ + SIZEOF (.log_dynamic_data)), 0x4)

.log_filter_data
                0x00000000200022c8        0x0 load address 0x000000000001f734
                0x00000000200022c8                __log_filter_data_start__ = .
 *(SORT_BY_NAME(.log_filter_data*))
                0x00000000200022c8                __log_filter_data_end__ = (__log_filter_data_start__ + SIZEOF (.log_filter_data))
                0x0000000000000000                __log_filter_data_size__ = SIZEOF (.log_filter_data)
                0x000000000001f734                __log_filter_data_load_end__ = (__log_filter_data_load_start__ + SIZEOF (.log_filter_data))
                0x0000000000000001                . = ASSERT (((__log_filter_data_load_start__ == __log_filter_data_load_end__) || ((__log_filter_data_load_end__ - __FLASH_segment_start__) <= __FLASH_segment_size__)), error: .log_filter_data is too large to fit in FLASH memory segment)

.log_filter_data_run
                0x00000000200022c8        0x0
                0x00000000200022c8                __log_filter_data_run_start__ = .
                0x00000000200022c8                __start_log_filter_data = __log_filter_data_run_start__
                0x00000000200022c8                . = MAX ((__log_filter_data_run_start__ + SIZEOF (.log_filter_data)), .)
                0x00000000200022c8                __log_filter_data_run_end__ = (__log_filter_data_run_start__ + SIZEOF (.log_filter_data_run))
                0x0000000000000000                __log_filter_data_run_size__ = SIZEOF (.log_filter_data_run)
                0x00000000200022c8                __stop_log_filter_data = __log_filter_data_run_end__
                0x00000000200022c8                __log_filter_data_run_load_end__ = __log_filter_data_run_end__
                0x0000000000000001                . = ASSERT (((__log_filter_data_run_start__ == __log_filter_data_run_end__) || ((__log_filter_data_run_end__ - __RAM_segment_start__) <= __RAM_segment_size__)), error: .log_filter_data_run is too large to fit in RAM memory segment)
                0x00000000200022c8                __nrf_sections_run_end_load_start__ = ALIGN (__log_filter_data_run_end__, 0x4)

.nrf_sections_run_end
                0x00000000200022c8        0x0
                0x00000000200022c8                __nrf_sections_run_end_start__ = .
                0x00000000200022c8                __end_nrf_sections_run = __nrf_sections_run_end_start__
 *(.nrf_sections_run_end .nrf_sections_run_end.*)
                0x00000000200022c8                __nrf_sections_run_end_end__ = (__nrf_sections_run_end_start__ + SIZEOF (.nrf_sections_run_end))
                0x0000000000000000                __nrf_sections_run_end_size__ = SIZEOF (.nrf_sections_run_end)
                0x00000000200022c8                __nrf_sections_run_end_load_end__ = __nrf_sections_run_end_end__
                0x0000000000000001                . = ASSERT (((__nrf_sections_run_end_start__ == __nrf_sections_run_end_end__) || ((__nrf_sections_run_end_end__ - __RAM_segment_start__) <= __RAM_segment_size__)), error: .nrf_sections_run_end is too large to fit in RAM memory segment)
                0x000000000001f734                __dtors_load_start__ = ALIGN ((__log_filter_data_load_start__ + SIZEOF (.log_filter_data)), 0x4)

.dtors          0x000000000001f734        0x0
                0x000000000001f734                __dtors_start__ = .
 *(SORT_BY_NAME(.dtors.*))
 *(.dtors)
 *(.fini_array)
 *(SORT_BY_NAME(.fini_array.*))
                0x000000000001f734                __dtors_end__ = (__dtors_start__ + SIZEOF (.dtors))
                0x0000000000000000                __dtors_size__ = SIZEOF (.dtors)
                0x000000000001f734                __dtors_load_end__ = __dtors_end__
                0x0000000000000001                . = ASSERT (((__dtors_start__ == __dtors_end__) || ((__dtors_end__ - __FLASH_segment_start__) <= __FLASH_segment_size__)), error: .dtors is too large to fit in FLASH memory segment)
                0x000000000001f734                __ctors_load_start__ = ALIGN (__dtors_end__, 0x4)

.ctors          0x000000000001f734        0x0
                0x000000000001f734                __ctors_start__ = .
 *(SORT_BY_NAME(.ctors.*))
 *(.ctors)
 *(.init_array)
 *(SORT_BY_NAME(.init_array.*))
                0x000000000001f734                __ctors_end__ = (__ctors_start__ + SIZEOF (.ctors))
                0x0000000000000000                __ctors_size__ = SIZEOF (.ctors)
                0x000000000001f734                __ctors_load_end__ = __ctors_end__
                0x0000000000000001                . = ASSERT (((__ctors_start__ == __ctors_end__) || ((__ctors_end__ - __FLASH_segment_start__) <= __FLASH_segment_size__)), error: .ctors is too large to fit in FLASH memory segment)
                0x000000000001f734                __rodata_load_start__ = ALIGN (__ctors_end__, 0x4)

.rodata         0x000000000001f734      0xdac
                0x000000000001f734                __rodata_start__ = .
 *(.rodata .rodata.* .gnu.linkonce.r.*)
 *fill*         0x000000000001f734        0xc 
 .rodata.delay_machine_code.8613
                0x000000000001f740        0x6 Output/UmileUV Release/Obj/nrf_log_backend_rtt.o
 *fill*         0x000000000001f746        0x2 
 .rodata.nrf_log_backend_rtt_api
                0x000000000001f748        0xc Output/UmileUV Release/Obj/nrf_log_backend_rtt.o
                0x000000000001f748                nrf_log_backend_rtt_api
 .rodata.str1.1
                0x000000000001f754       0x10 Output/UmileUV Release/Obj/nrf_log_default_backends.o
 .rodata.nrf_log_frontend_dequeue.str1.1
                0x000000000001f764       0x11 Output/UmileUV Release/Obj/nrf_log_frontend.o
 .rodata.str1.1
                0x000000000001f775        0x4 Output/UmileUV Release/Obj/nrf_log_frontend.o
 *fill*         0x000000000001f779        0x3 
 .rodata.m_colors
                0x000000000001f77c       0x24 Output/UmileUV Release/Obj/nrf_log_str_formatter.o
 .rodata.nrf_log_hexdump_entry_process.str1.1
                0x000000000001f7a0        0xf Output/UmileUV Release/Obj/nrf_log_str_formatter.o
                                         0x11 (size before relaxing)
 .rodata.postfix_process.str1.1
                0x000000000001f7af        0x8 Output/UmileUV Release/Obj/nrf_log_str_formatter.o
                                          0xb (size before relaxing)
 .rodata.prefix_process.str1.1
                0x000000000001f7b7       0x2a Output/UmileUV Release/Obj/nrf_log_str_formatter.o
 *fill*         0x000000000001f7e1        0x3 
 .rodata.severity_names
                0x000000000001f7e4       0x14 Output/UmileUV Release/Obj/nrf_log_str_formatter.o
 .rodata.str1.1
                0x000000000001f7f8       0x4b Output/UmileUV Release/Obj/nrf_log_str_formatter.o
                                         0x51 (size before relaxing)
 *fill*         0x000000000001f843        0x1 
 .rodata.m_detection_delay_timer_id
                0x000000000001f844        0x4 Output/UmileUV Release/Obj/app_button.o
 .rodata.str1.1
                0x000000000001f848        0xb Output/UmileUV Release/Obj/app_button.o
 .rodata.app_error_fault_handler.str1.1
                0x000000000001f853       0x19 Output/UmileUV Release/Obj/app_error_weak.o
 .rodata        0x000000000001f86c        0x4 Output/UmileUV Release/Obj/app_timer2.o
 .rodata.m_app_timer_sortlist
                0x000000000001f870        0xc Output/UmileUV Release/Obj/app_timer2.o
 .rodata.str1.1
                0x000000000001f87c        0xa Output/UmileUV Release/Obj/app_timer2.o
 *fill*         0x000000000001f886        0x2 
 .rodata        0x000000000001f888       0x20 Output/UmileUV Release/Obj/app_uart_fifo.o
 *fill*         0x000000000001f8a8        0x8 
 .rodata.delay_machine_code.8005
                0x000000000001f8b0        0x6 Output/UmileUV Release/Obj/drv_rtc.o
 .rodata.drv_rtc_init.str1.1
                0x000000000001f8b6       0x34 Output/UmileUV Release/Obj/drv_rtc.o
 .rodata._aV2C.7544
                0x000000000001f8ea       0x10 Output/UmileUV Release/Obj/nrf_fprintf_format.o
 *fill*         0x000000000001f8fa        0x2 
 .rodata.pwr_mgmt_data
                0x000000000001f8fc        0xc Output/UmileUV Release/Obj/nrf_pwr_mgmt.o
 .rodata.str1.1